
Optional file libmchp_peripheral.a not found

Optional file libmchp_peripheral_32MX320F128H.a not found
Archive member included to satisfy reference by file (symbol)

d:/xc32/bin/bin/../../lib/gcc/pic32mx/8.3.1\libgcc.a(floatunsisf.o)
                              build/default/production/AD.o (__floatunsisf)
d:/xc32/bin/bin/../../lib/gcc/pic32mx/8.3.1/../../../../pic32mx/lib\libpic32.a(default-bootstrap-exception-handler.o)
                              C:\Users\gaine\AppData\Local\Temp\ccBg0PAx.o (_bootstrap_exception_handler)
d:/xc32/bin/bin/../../lib/gcc/pic32mx/8.3.1/../../../../pic32mx/lib\libpic32.a(default-on-reset.o)
                              C:\Users\gaine\AppData\Local\Temp\ccBg0PAx.o (_on_reset)
d:/xc32/bin/bin/../../lib/gcc/pic32mx/8.3.1/../../../../pic32mx/lib\libpic32.a(default-on-bootstrap.o)
                              C:\Users\gaine\AppData\Local\Temp\ccBg0PAx.o (_on_bootstrap)
d:/xc32/bin/bin/../../lib/gcc/pic32mx/8.3.1/../../../../pic32mx/lib\libpic32.a(default-nmi-handler.o)
                              C:\Users\gaine\AppData\Local\Temp\ccBg0PAx.o (_nmi_handler)
d:/xc32/bin/bin/../../lib/gcc/pic32mx/8.3.1/../../../../pic32mx/lib\libpic32.a(pic32_data_init.o)
                              C:\Users\gaine\AppData\Local\Temp\ccBg0PAx.o (__pic32_data_init)
d:/xc32/bin/bin/../../lib/gcc/pic32mx/8.3.1/../../../../pic32mx/lib\libpic32.a(general-exception.o)
                              C:\Users\gaine\AppData\Local\Temp\ccBg0PAx.o (_general_exception_context)
d:/xc32/bin/bin/../../lib/gcc/pic32mx/8.3.1/../../../../pic32mx/lib\libpic32.a(vector0.o)
                              C:\Users\gaine\AppData\Local\Temp\cc48slyo.o (__vector_dispatch_0)
d:/xc32/bin/bin/../../lib/gcc/pic32mx/8.3.1/../../../../pic32mx/lib\libpic32.a(vector1.o)
                              C:\Users\gaine\AppData\Local\Temp\cc48slyo.o (__vector_dispatch_1)
d:/xc32/bin/bin/../../lib/gcc/pic32mx/8.3.1/../../../../pic32mx/lib\libpic32.a(vector2.o)
                              C:\Users\gaine\AppData\Local\Temp\cc48slyo.o (__vector_dispatch_2)
d:/xc32/bin/bin/../../lib/gcc/pic32mx/8.3.1/../../../../pic32mx/lib\libpic32.a(vector3.o)
                              C:\Users\gaine\AppData\Local\Temp\cc48slyo.o (__vector_dispatch_3)
d:/xc32/bin/bin/../../lib/gcc/pic32mx/8.3.1/../../../../pic32mx/lib\libpic32.a(vector5.o)
                              C:\Users\gaine\AppData\Local\Temp\cc48slyo.o (__vector_dispatch_5)
d:/xc32/bin/bin/../../lib/gcc/pic32mx/8.3.1/../../../../pic32mx/lib\libpic32.a(vector6.o)
                              C:\Users\gaine\AppData\Local\Temp\cc48slyo.o (__vector_dispatch_6)
d:/xc32/bin/bin/../../lib/gcc/pic32mx/8.3.1/../../../../pic32mx/lib\libpic32.a(vector7.o)
                              C:\Users\gaine\AppData\Local\Temp\cc48slyo.o (__vector_dispatch_7)
d:/xc32/bin/bin/../../lib/gcc/pic32mx/8.3.1/../../../../pic32mx/lib\libpic32.a(vector8.o)
                              C:\Users\gaine\AppData\Local\Temp\cc48slyo.o (__vector_dispatch_8)
d:/xc32/bin/bin/../../lib/gcc/pic32mx/8.3.1/../../../../pic32mx/lib\libpic32.a(vector9.o)
                              C:\Users\gaine\AppData\Local\Temp\cc48slyo.o (__vector_dispatch_9)
d:/xc32/bin/bin/../../lib/gcc/pic32mx/8.3.1/../../../../pic32mx/lib\libpic32.a(vector10.o)
                              C:\Users\gaine\AppData\Local\Temp\cc48slyo.o (__vector_dispatch_10)
d:/xc32/bin/bin/../../lib/gcc/pic32mx/8.3.1/../../../../pic32mx/lib\libpic32.a(vector11.o)
                              C:\Users\gaine\AppData\Local\Temp\cc48slyo.o (__vector_dispatch_11)
d:/xc32/bin/bin/../../lib/gcc/pic32mx/8.3.1/../../../../pic32mx/lib\libpic32.a(vector13.o)
                              C:\Users\gaine\AppData\Local\Temp\cc48slyo.o (__vector_dispatch_13)
d:/xc32/bin/bin/../../lib/gcc/pic32mx/8.3.1/../../../../pic32mx/lib\libpic32.a(vector14.o)
                              C:\Users\gaine\AppData\Local\Temp\cc48slyo.o (__vector_dispatch_14)
d:/xc32/bin/bin/../../lib/gcc/pic32mx/8.3.1/../../../../pic32mx/lib\libpic32.a(vector15.o)
                              C:\Users\gaine\AppData\Local\Temp\cc48slyo.o (__vector_dispatch_15)
d:/xc32/bin/bin/../../lib/gcc/pic32mx/8.3.1/../../../../pic32mx/lib\libpic32.a(vector16.o)
                              C:\Users\gaine\AppData\Local\Temp\cc48slyo.o (__vector_dispatch_16)
d:/xc32/bin/bin/../../lib/gcc/pic32mx/8.3.1/../../../../pic32mx/lib\libpic32.a(vector17.o)
                              C:\Users\gaine\AppData\Local\Temp\cc48slyo.o (__vector_dispatch_17)
d:/xc32/bin/bin/../../lib/gcc/pic32mx/8.3.1/../../../../pic32mx/lib\libpic32.a(vector18.o)
                              C:\Users\gaine\AppData\Local\Temp\cc48slyo.o (__vector_dispatch_18)
d:/xc32/bin/bin/../../lib/gcc/pic32mx/8.3.1/../../../../pic32mx/lib\libpic32.a(vector19.o)
                              C:\Users\gaine\AppData\Local\Temp\cc48slyo.o (__vector_dispatch_19)
d:/xc32/bin/bin/../../lib/gcc/pic32mx/8.3.1/../../../../pic32mx/lib\libpic32.a(vector21.o)
[...]
Memory Configuration

Name             Origin             Length             Attributes
kseg0_program_mem 0x000000009d002000 0x000000000001d000 xr
kseg0_boot_mem   0x000000009d000490 0x0000000000000970
exception_mem    0x000000009d001000 0x0000000000001000
kseg1_boot_mem   0x00000000bd000000 0x0000000000000490
debug_exec_mem   0x00000000bfc02000 0x0000000000000ff0
config3          0x00000000bfc02ff0 0x0000000000000004
config2          0x00000000bfc02ff4 0x0000000000000004
config1          0x00000000bfc02ff8 0x0000000000000004
config0          0x00000000bfc02ffc 0x0000000000000004
kseg1_data_mem   0x00000000a0000000 0x0000000000004000 w !x
sfrs             0x00000000bf800000 0x0000000000100000
configsfrs       0x00000000bfc02ff0 0x0000000000000010
*default*        0x0000000000000000 0xffffffffffffffff

Linker script and memory map

LOAD d:/xc32/bin/bin/../../lib/gcc/pic32mx/8.3.1/../../../../pic32mx/lib\debug-exception-return.o
LOAD build/default/production/AD.o
LOAD build/default/production/AtTower_SubHSM.o
LOAD build/default/production/BOARD.o
LOAD build/default/production/ES_CheckEvents.o
LOAD build/default/production/ES_Framework.o
LOAD build/default/production/ES_KeyboardInput.o
LOAD build/default/production/ES_PostList.o
LOAD build/default/production/ES_Queue.o
LOAD build/default/production/ES_TattleTale.o
LOAD build/default/production/ES_Timers.o
LOAD build/default/production/IO_Ports.o
LOAD build/default/production/KegBot_ESMain.o
LOAD build/default/production/KegBot_EventChecker.o
LOAD build/default/production/KegBot_TopHSM.o
LOAD build/default/production/LED.o
LOAD build/default/production/MotorControl.o
LOAD build/default/production/RotateAroundTower.o
LOAD build/default/production/SearchForTower_SubHSM.o
LOAD build/default/production/Stepper.o
LOAD build/default/production/TankCircuit.o
LOAD build/default/production/TankCircuitService.o
LOAD build/default/production/TapeSensorService .o
LOAD build/default/production/bumpers.o
LOAD build/default/production/pwm.o
LOAD build/default/production/serial.o
LOAD build/default/production/tapeSensors.o
LOAD build/default/production/TapeFollow_SubHSM.o
LOAD build/default/production/_ext/1975241074/timers.o
LOAD build/default/production/Traversing_SubHSM.o
                0x0000000000000001                __MPLAB_BUILD = 0x1
                0x0000000000000400                PROVIDE (_min_stack_size = 0x400)
START GROUP
LOAD libmchp_peripheral.a
END GROUP
START GROUP
LOAD libmchp_peripheral_32MX320F128H.a
END GROUP
                0x0000000000000001                PROVIDE (_vector_spacing = 0x1)
                0x000000009d001000                _ebase_address = 0x9d001000
                0x00000000bd000000                _RESET_ADDR = 0xbd000000
                0x00000000bd000380                _BEV_EXCPT_ADDR = 0xbd000380
                0x00000000bd000480                _DBG_EXCPT_ADDR = 0xbd000480
                0x00000000bfc02000                _DBG_CODE_ADDR = 0xbfc02000
                0x0000000000000ff0                _DBG_CODE_SIZE = 0xff0
                0x000000009d001180                _GEN_EXCPT_ADDR = (_ebase_address + 0x180)

.config_BFC02FF0
 *(.config_BFC02FF0)

.config_BFC02FF4
 *(.config_BFC02FF4)

.config_BFC02FF8
 *(.config_BFC02FF8)

.config_BFC02FFC
 *(.config_BFC02FFC)
                [!provide]                        PROVIDE (_DBG_CODE_ADDR = 0xbfc02000)
                [!provide]                        PROVIDE (_DBG_CODE_SIZE = 0xff0)

.reset          0x00000000bd000000      0x19c
 *(.reset)
 .reset         0x00000000bd000000        0x8 C:\Users\gaine\AppData\Local\Temp\ccBg0PAx.o
                0x00000000bd000000                _reset
 *(.reset.startup)
 .reset.startup
                0x00000000bd000008      0x194 C:\Users\gaine\AppData\Local\Temp\ccBg0PAx.o
                0x00000000bd000008                _startup

.bev_excpt      0x00000000bd000380       0x10
 *(.bev_handler)
 .bev_handler   0x00000000bd000380       0x10 C:\Users\gaine\AppData\Local\Temp\ccBg0PAx.o

.dbg_excpt      0x00000000bd000480        0x0
                0x00000000bd000480                . = (. + DEFINED (_DEBUGGER)?0x8:0x0)

.dbg_code       0x00000000bfc02000        0x0
                0x00000000bfc02000                . = (. + DEFINED (_DEBUGGER)?_DBG_CODE_SIZE:0x0)

.app_excpt      0x000000009d001180       0x10
 *(.gen_handler)
 .gen_handler   0x000000009d001180       0x10 C:\Users\gaine\AppData\Local\Temp\ccBg0PAx.o

.vector_0       0x000000009d001200        0x8
 *(.vector_0)
 .vector_0      0x000000009d001200        0x8 d:/xc32/bin/bin/../../lib/gcc/pic32mx/8.3.1/../../../../pic32mx/lib\libpic32.a(vector0.o)
                0x000000009d001200                __vector_dispatch_0
                0x0000000000000001                ASSERT (((_vector_spacing == 0x0) || (SIZEOF (.vector_0) <= (_vector_spacing << 0x5))), function at exception vector 0 too large)

.vector_1       0x000000009d001220        0x8
 *(.vector_1)
 .vector_1      0x000000009d001220        0x8 d:/xc32/bin/bin/../../lib/gcc/pic32mx/8.3.1/../../../../pic32mx/lib\libpic32.a(vector1.o)
                0x000000009d001220                __vector_dispatch_1
                0x0000000000000001                ASSERT (((_vector_spacing == 0x0) || (SIZEOF (.vector_1) <= (_vector_spacing << 0x5))), function at exception vector 1 too large)

.vector_2       0x000000009d001240        0x8
 *(.vector_2)
 .vector_2      0x000000009d001240        0x8 d:/xc32/bin/bin/../../lib/gcc/pic32mx/8.3.1/../../../../pic32mx/lib\libpic32.a(vector2.o)
                0x000000009d001240                __vector_dispatch_2
                0x0000000000000001                ASSERT (((_vector_spacing == 0x0) || (SIZEOF (.vector_2) <= (_vector_spacing << 0x5))), function at exception vector 2 too large)

.vector_3       0x000000009d001260        0x8
 *(.vector_3)
 .vector_3      0x000000009d001260        0x8 d:/xc32/bin/bin/../../lib/gcc/pic32mx/8.3.1/../../../../pic32mx/lib\libpic32.a(vector3.o)
                0x000000009d001260                __vector_dispatch_3
                0x0000000000000001                ASSERT (((_vector_spacing == 0x0) || (SIZEOF (.vector_3) <= (_vector_spacing << 0x5))), function at exception vector 3 too large)

.vector_4       0x000000009d001280        0x8
 *(.vector_4)
 .vector_4      0x000000009d001280        0x8 build/default/production/ES_Timers.o
                0x000000009d001280                __vector_dispatch_4
                0x0000000000000001                ASSERT (((_vector_spacing == 0x0) || (SIZEOF (.vector_4) <= (_vector_spacing << 0x5))), function at exception vector 4 too large)

.vector_5       0x000000009d0012a0        0x8
 *(.vector_5)
 .vector_5      0x000000009d0012a0        0x8 d:/xc32/bin/bin/../../lib/gcc/pic32mx/8.3.1/../../../../pic32mx/lib\libpic32.a(vector5.o)
                0x000000009d0012a0                __vector_dispatch_5
                0x0000000000000001                ASSERT (((_vector_spacing == 0x0) || (SIZEOF (.vector_5) <= (_vector_spacing << 0x5))), function at exception vector 5 too large)

.vector_6       0x000000009d0012c0        0x8
 *(.vector_6)
 .vector_6      0x000000009d0012c0        0x8 d:/xc32/bin/bin/../../lib/gcc/pic32mx/8.3.1/../../../../pic32mx/lib\libpic32.a(vector6.o)
                0x000000009d0012c0                __vector_dispatch_6
                0x0000000000000001                ASSERT (((_vector_spacing == 0x0) || (SIZEOF (.vector_6) <= (_vector_spacing << 0x5))), function at exception vector 6 too large)

.vector_7       0x000000009d0012e0        0x8
 *(.vector_7)
 .vector_7      0x000000009d0012e0        0x8 d:/xc32/bin/bin/../../lib/gcc/pic32mx/8.3.1/../../../../pic32mx/lib\libpic32.a(vector7.o)
                0x000000009d0012e0                __vector_dispatch_7
                0x0000000000000001                ASSERT (((_vector_spacing == 0x0) || (SIZEOF (.vector_7) <= (_vector_spacing << 0x5))), function at exception vector 7 too large)

.vector_8       0x000000009d001300        0x8
 *(.vector_8)
 .vector_8      0x000000009d001300        0x8 d:/xc32/bin/bin/../../lib/gcc/pic32mx/8.3.1/../../../../pic32mx/lib\libpic32.a(vector8.o)
                0x000000009d001300                __vector_dispatch_8
                0x0000000000000001                ASSERT (((_vector_spacing == 0x0) || (SIZEOF (.vector_8) <= (_vector_spacing << 0x5))), function at exception vector 8 too large)

.vector_9       0x000000009d001320        0x8
 *(.vector_9)
 .vector_9      0x000000009d001320        0x8 d:/xc32/bin/bin/../../lib/gcc/pic32mx/8.3.1/../../../../pic32mx/lib\libpic32.a(vector9.o)
                0x000000009d001320                __vector_dispatch_9
                0x0000000000000001                ASSERT (((_vector_spacing == 0x0) || (SIZEOF (.vector_9) <= (_vector_spacing << 0x5))), function at exception vector 9 too large)

.vector_10      0x000000009d001340        0x8
 *(.vector_10)
 .vector_10     0x000000009d001340        0x8 d:/xc32/bin/bin/../../lib/gcc/pic32mx/8.3.1/../../../../pic32mx/lib\libpic32.a(vector10.o)
                0x000000009d001340                __vector_dispatch_10
                0x0000000000000001                ASSERT (((_vector_spacing == 0x0) || (SIZEOF (.vector_10) <= (_vector_spacing << 0x5))), function at exception vector 10 too large)

.vector_11      0x000000009d001360        0x8
 *(.vector_11)
 .vector_11     0x000000009d001360        0x8 d:/xc32/bin/bin/../../lib/gcc/pic32mx/8.3.1/../../../../pic32mx/lib\libpic32.a(vector11.o)
                0x000000009d001360                __vector_dispatch_11
                0x0000000000000001                ASSERT (((_vector_spacing == 0x0) || (SIZEOF (.vector_11) <= (_vector_spacing << 0x5))), function at exception vector 11 too large)

.vector_12      0x000000009d001380        0x8
 *(.vector_12)
 .vector_12     0x000000009d001380        0x8 build/default/production/Stepper.o
                0x000000009d001380                __vector_dispatch_12
                0x0000000000000001                ASSERT (((_vector_spacing == 0x0) || (SIZEOF (.vector_12) <= (_vector_spacing << 0x5))), function at exception vector 12 too large)

.vector_13      0x000000009d0013a0        0x8
 *(.vector_13)
 .vector_13     0x000000009d0013a0        0x8 d:/xc32/bin/bin/../../lib/gcc/pic32mx/8.3.1/../../../../pic32mx/lib\libpic32.a(vector13.o)
                0x000000009d0013a0                __vector_dispatch_13
                0x0000000000000001                ASSERT (((_vector_spacing == 0x0) || (SIZEOF (.vector_13) <= (_vector_spacing << 0x5))), function at exception vector 13 too large)

.vector_14      0x000000009d0013c0        0x8
 *(.vector_14)
 .vector_14     0x000000009d0013c0        0x8 d:/xc32/bin/bin/../../lib/gcc/pic32mx/8.3.1/../../../../pic32mx/lib\libpic32.a(vector14.o)
                0x000000009d0013c0                __vector_dispatch_14
                0x0000000000000001                ASSERT (((_vector_spacing == 0x0) || (SIZEOF (.vector_14) <= (_vector_spacing << 0x5))), function at exception vector 14 too large)

.vector_15      0x000000009d0013e0        0x8
 *(.vector_15)
 .vector_15     0x000000009d0013e0        0x8 d:/xc32/bin/bin/../../lib/gcc/pic32mx/8.3.1/../../../../pic32mx/lib\libpic32.a(vector15.o)
                0x000000009d0013e0                __vector_dispatch_15
                0x0000000000000001                ASSERT (((_vector_spacing == 0x0) || (SIZEOF (.vector_15) <= (_vector_spacing << 0x5))), function at exception vector 15 too large)

.vector_16      0x000000009d001400        0x8
 *(.vector_16)
 .vector_16     0x000000009d001400        0x8 d:/xc32/bin/bin/../../lib/gcc/pic32mx/8.3.1/../../../../pic32mx/lib\libpic32.a(vector16.o)
                0x000000009d001400                __vector_dispatch_16
                0x0000000000000001                ASSERT (((_vector_spacing == 0x0) || (SIZEOF (.vector_16) <= (_vector_spacing << 0x5))), function at exception vector 16 too large)

.vector_17      0x000000009d001420        0x8
 *(.vector_17)
 .vector_17     0x000000009d001420        0x8 d:/xc32/bin/bin/../../lib/gcc/pic32mx/8.3.1/../../../../pic32mx/lib\libpic32.a(vector17.o)
                0x000000009d001420                __vector_dispatch_17
                0x0000000000000001                ASSERT (((_vector_spacing == 0x0) || (SIZEOF (.vector_17) <= (_vector_spacing << 0x5))), function at exception vector 17 too large)

.vector_18      0x000000009d001440        0x8
 *(.vector_18)
 .vector_18     0x000000009d001440        0x8 d:/xc32/bin/bin/../../lib/gcc/pic32mx/8.3.1/../../../../pic32mx/lib\libpic32.a(vector18.o)
                0x000000009d001440                __vector_dispatch_18
                0x0000000000000001                ASSERT (((_vector_spacing == 0x0) || (SIZEOF (.vector_18) <= (_vector_spacing << 0x5))), function at exception vector 18 too large)

.vector_19      0x000000009d001460        0x8
 *(.vector_19)
 .vector_19     0x000000009d001460        0x8 d:/xc32/bin/bin/../../lib/gcc/pic32mx/8.3.1/../../../../pic32mx/lib\libpic32.a(vector19.o)
                0x000000009d001460                __vector_dispatch_19
                0x0000000000000001                ASSERT (((_vector_spacing == 0x0) || (SIZEOF (.vector_19) <= (_vector_spacing << 0x5))), function at exception vector 19 too large)

.vector_20      0x000000009d001480        0x8
 *(.vector_20)
 .vector_20     0x000000009d001480        0x8 build/default/production/_ext/1975241074/timers.o
                0x000000009d001480                __vector_dispatch_20
                0x0000000000000001                ASSERT (((_vector_spacing == 0x0) || (SIZEOF (.vector_20) <= (_vector_spacing << 0x5))), function at exception vector 20 too large)

.vector_21      0x000000009d0014a0        0x8
 *(.vector_21)
 .vector_21     0x000000009d0014a0        0x8 d:/xc32/bin/bin/../../lib/gcc/pic32mx/8.3.1/../../../../pic32mx/lib\libpic32.a(vector21.o)
                0x000000009d0014a0                __vector_dispatch_21
                0x0000000000000001                ASSERT (((_vector_spacing == 0x0) || (SIZEOF (.vector_21) <= (_vector_spacing << 0x5))), function at exception vector 21 too large)

.vector_22      0x000000009d0014c0        0x8
 *(.vector_22)
 .vector_22     0x000000009d0014c0        0x8 d:/xc32/bin/bin/../../lib/gcc/pic32mx/8.3.1/../../../../pic32mx/lib\libpic32.a(vector22.o)
                0x000000009d0014c0                __vector_dispatch_22
                0x0000000000000001                ASSERT (((_vector_spacing == 0x0) || (SIZEOF (.vector_22) <= (_vector_spacing << 0x5))), function at exception vector 22 too large)

.vector_23      0x000000009d0014e0        0x8
 *(.vector_23)
 .vector_23     0x000000009d0014e0        0x8 d:/xc32/bin/bin/../../lib/gcc/pic32mx/8.3.1/../../../../pic32mx/lib\libpic32.a(vector23.o)
                0x000000009d0014e0                __vector_dispatch_23
                0x0000000000000001                ASSERT (((_vector_spacing == 0x0) || (SIZEOF (.vector_23) <= (_vector_spacing << 0x5))), function at exception vector 23 too large)

.vector_24      0x000000009d001500        0x8
 *(.vector_24)
 .vector_24     0x000000009d001500        0x8 build/default/production/serial.o
                0x000000009d001500                __vector_dispatch_24
                0x0000000000000001                ASSERT (((_vector_spacing == 0x0) || (SIZEOF (.vector_24) <= (_vector_spacing << 0x5))), function at exception vector 24 too large)

.vector_25      0x000000009d001520        0x8
 *(.vector_25)
 .vector_25     0x000000009d001520        0x8 d:/xc32/bin/bin/../../lib/gcc/pic32mx/8.3.1/../../../../pic32mx/lib\libpic32.a(vector25.o)
                0x000000009d001520                __vector_dispatch_25
                0x0000000000000001                ASSERT (((_vector_spacing == 0x0) || (SIZEOF (.vector_25) <= (_vector_spacing << 0x5))), function at exception vector 25 too large)

.vector_26      0x000000009d001540        0x8
 *(.vector_26)
 .vector_26     0x000000009d001540        0x8 d:/xc32/bin/bin/../../lib/gcc/pic32mx/8.3.1/../../../../pic32mx/lib\libpic32.a(vector26.o)
                0x000000009d001540                __vector_dispatch_26
                0x0000000000000001                ASSERT (((_vector_spacing == 0x0) || (SIZEOF (.vector_26) <= (_vector_spacing << 0x5))), function at exception vector 26 too large)

.vector_27      0x000000009d001560        0x8
 *(.vector_27)
 .vector_27     0x000000009d001560        0x8 build/default/production/AD.o
                0x000000009d001560                __vector_dispatch_27
                0x0000000000000001                ASSERT (((_vector_spacing == 0x0) || (SIZEOF (.vector_27) <= (_vector_spacing << 0x5))), function at exception vector 27 too large)

.vector_28      0x000000009d001580        0x8
 *(.vector_28)
 .vector_28     0x000000009d001580        0x8 d:/xc32/bin/bin/../../lib/gcc/pic32mx/8.3.1/../../../../pic32mx/lib\libpic32.a(vector28.o)
                0x000000009d001580                __vector_dispatch_28
                0x0000000000000001                ASSERT (((_vector_spacing == 0x0) || (SIZEOF (.vector_28) <= (_vector_spacing << 0x5))), function at exception vector 28 too large)

.vector_29      0x000000009d0015a0        0x8
 *(.vector_29)
 .vector_29     0x000000009d0015a0        0x8 d:/xc32/bin/bin/../../lib/gcc/pic32mx/8.3.1/../../../../pic32mx/lib\libpic32.a(vector29.o)
                0x000000009d0015a0                __vector_dispatch_29
                0x0000000000000001                ASSERT (((_vector_spacing == 0x0) || (SIZEOF (.vector_29) <= (_vector_spacing << 0x5))), function at exception vector 29 too large)

.vector_30      0x000000009d0015c0        0x8
 *(.vector_30)
 .vector_30     0x000000009d0015c0        0x8 d:/xc32/bin/bin/../../lib/gcc/pic32mx/8.3.1/../../../../pic32mx/lib\libpic32.a(vector30.o)
                0x000000009d0015c0                __vector_dispatch_30
                0x0000000000000001                ASSERT (((_vector_spacing == 0x0) || (SIZEOF (.vector_30) <= (_vector_spacing << 0x5))), function at exception vector 30 too large)

.vector_31      0x000000009d0015e0        0x8
 *(.vector_31)
 .vector_31     0x000000009d0015e0        0x8 d:/xc32/bin/bin/../../lib/gcc/pic32mx/8.3.1/../../../../pic32mx/lib\libpic32.a(vector31.o)
                0x000000009d0015e0                __vector_dispatch_31
                0x0000000000000001                ASSERT (((_vector_spacing == 0x0) || (SIZEOF (.vector_31) <= (_vector_spacing << 0x5))), function at exception vector 31 too large)

.vector_32      0x000000009d001600        0x8
 *(.vector_32)
 .vector_32     0x000000009d001600        0x8 d:/xc32/bin/bin/../../lib/gcc/pic32mx/8.3.1/../../../../pic32mx/lib\libpic32.a(vector32.o)
                0x000000009d001600                __vector_dispatch_32
                0x0000000000000001                ASSERT (((_vector_spacing == 0x0) || (SIZEOF (.vector_32) <= (_vector_spacing << 0x5))), function at exception vector 32 too large)

.vector_33      0x000000009d001620        0x8
 *(.vector_33)
 .vector_33     0x000000009d001620        0x8 d:/xc32/bin/bin/../../lib/gcc/pic32mx/8.3.1/../../../../pic32mx/lib\libpic32.a(vector33.o)
                0x000000009d001620                __vector_dispatch_33
                0x0000000000000001                ASSERT (((_vector_spacing == 0x0) || (SIZEOF (.vector_33) <= (_vector_spacing << 0x5))), function at exception vector 33 too large)

.vector_34      0x000000009d001640        0x8
 *(.vector_34)
 .vector_34     0x000000009d001640        0x8 d:/xc32/bin/bin/../../lib/gcc/pic32mx/8.3.1/../../../../pic32mx/lib\libpic32.a(vector34.o)
                0x000000009d001640                __vector_dispatch_34
                0x0000000000000001                ASSERT (((_vector_spacing == 0x0) || (SIZEOF (.vector_34) <= (_vector_spacing << 0x5))), function at exception vector 34 too large)

.vector_35      0x000000009d001660        0x8
 *(.vector_35)
 .vector_35     0x000000009d001660        0x8 d:/xc32/bin/bin/../../lib/gcc/pic32mx/8.3.1/../../../../pic32mx/lib\libpic32.a(vector35.o)
                0x000000009d001660                __vector_dispatch_35
                0x0000000000000001                ASSERT (((_vector_spacing == 0x0) || (SIZEOF (.vector_35) <= (_vector_spacing << 0x5))), function at exception vector 35 too large)

.vector_36      0x000000009d001680        0x8
 *(.vector_36)
 .vector_36     0x000000009d001680        0x8 d:/xc32/bin/bin/../../lib/gcc/pic32mx/8.3.1/../../../../pic32mx/lib\libpic32.a(vector36.o)
                0x000000009d001680                __vector_dispatch_36
                0x0000000000000001                ASSERT (((_vector_spacing == 0x0) || (SIZEOF (.vector_36) <= (_vector_spacing << 0x5))), function at exception vector 36 too large)

.vector_37      0x000000009d0016a0        0x8
 *(.vector_37)
 .vector_37     0x000000009d0016a0        0x8 d:/xc32/bin/bin/../../lib/gcc/pic32mx/8.3.1/../../../../pic32mx/lib\libpic32.a(vector37.o)
                0x000000009d0016a0                __vector_dispatch_37
                0x0000000000000001                ASSERT (((_vector_spacing == 0x0) || (SIZEOF (.vector_37) <= (_vector_spacing << 0x5))), function at exception vector 37 too large)

.vector_38      0x000000009d0016c0        0x8
 *(.vector_38)
 .vector_38     0x000000009d0016c0        0x8 d:/xc32/bin/bin/../../lib/gcc/pic32mx/8.3.1/../../../../pic32mx/lib\libpic32.a(vector38.o)
                0x000000009d0016c0                __vector_dispatch_38
                0x0000000000000001                ASSERT (((_vector_spacing == 0x0) || (SIZEOF (.vector_38) <= (_vector_spacing << 0x5))), function at exception vector 38 too large)

.vector_39      0x000000009d0016e0        0x8
 *(.vector_39)
 .vector_39     0x000000009d0016e0        0x8 d:/xc32/bin/bin/../../lib/gcc/pic32mx/8.3.1/../../../../pic32mx/lib\libpic32.a(vector39.o)
                0x000000009d0016e0                __vector_dispatch_39
                0x0000000000000001                ASSERT (((_vector_spacing == 0x0) || (SIZEOF (.vector_39) <= (_vector_spacing << 0x5))), function at exception vector 39 too large)

.vector_40      0x000000009d001700        0x8
 *(.vector_40)
 .vector_40     0x000000009d001700        0x8 d:/xc32/bin/bin/../../lib/gcc/pic32mx/8.3.1/../../../../pic32mx/lib\libpic32.a(vector40.o)
                0x000000009d001700                __vector_dispatch_40
                0x0000000000000001                ASSERT (((_vector_spacing == 0x0) || (SIZEOF (.vector_40) <= (_vector_spacing << 0x5))), function at exception vector 40 too large)

.vector_41      0x000000009d001720        0x8
 *(.vector_41)
 .vector_41     0x000000009d001720        0x8 d:/xc32/bin/bin/../../lib/gcc/pic32mx/8.3.1/../../../../pic32mx/lib\libpic32.a(vector41.o)
                0x000000009d001720                __vector_dispatch_41
                0x0000000000000001                ASSERT (((_vector_spacing == 0x0) || (SIZEOF (.vector_41) <= (_vector_spacing << 0x5))), function at exception vector 41 too large)

.vector_42      0x000000009d001740        0x8
 *(.vector_42)
 .vector_42     0x000000009d001740        0x8 d:/xc32/bin/bin/../../lib/gcc/pic32mx/8.3.1/../../../../pic32mx/lib\libpic32.a(vector42.o)
                0x000000009d001740                __vector_dispatch_42
                0x0000000000000001                ASSERT (((_vector_spacing == 0x0) || (SIZEOF (.vector_42) <= (_vector_spacing << 0x5))), function at exception vector 42 too large)

.vector_43      0x000000009d001760        0x8
 *(.vector_43)
 .vector_43     0x000000009d001760        0x8 d:/xc32/bin/bin/../../lib/gcc/pic32mx/8.3.1/../../../../pic32mx/lib\libpic32.a(vector43.o)
                0x000000009d001760                __vector_dispatch_43
                0x0000000000000001                ASSERT (((_vector_spacing == 0x0) || (SIZEOF (.vector_43) <= (_vector_spacing << 0x5))), function at exception vector 43 too large)

.vector_44      0x000000009d001780        0x8
 *(.vector_44)
 .vector_44     0x000000009d001780        0x8 d:/xc32/bin/bin/../../lib/gcc/pic32mx/8.3.1/../../../../pic32mx/lib\libpic32.a(vector44.o)
                0x000000009d001780                __vector_dispatch_44
                0x0000000000000001                ASSERT (((_vector_spacing == 0x0) || (SIZEOF (.vector_44) <= (_vector_spacing << 0x5))), function at exception vector 44 too large)

.vector_45      0x000000009d0017a0        0x0
 *(.vector_45)
                0x0000000000000001                ASSERT (((_vector_spacing == 0x0) || (SIZEOF (.vector_45) <= (_vector_spacing << 0x5))), function at exception vector 45 too large)

.vector_46      0x000000009d0017c0        0x0
 *(.vector_46)
                0x0000000000000001                ASSERT (((_vector_spacing == 0x0) || (SIZEOF (.vector_46) <= (_vector_spacing << 0x5))), function at exception vector 46 too large)

.vector_47      0x000000009d0017e0        0x0
 *(.vector_47)
                0x0000000000000001                ASSERT (((_vector_spacing == 0x0) || (SIZEOF (.vector_47) <= (_vector_spacing << 0x5))), function at exception vector 47 too large)

.vector_48      0x000000009d001800        0x0
 *(.vector_48)
                0x0000000000000001                ASSERT (((_vector_spacing == 0x0) || (SIZEOF (.vector_48) <= (_vector_spacing << 0x5))), function at exception vector 48 too large)

.vector_49      0x000000009d001820        0x0
 *(.vector_49)
                0x0000000000000001                ASSERT (((_vector_spacing == 0x0) || (SIZEOF (.vector_49) <= (_vector_spacing << 0x5))), function at exception vector 49 too large)

.vector_50      0x000000009d001840        0x0
 *(.vector_50)
                0x0000000000000001                ASSERT (((_vector_spacing == 0x0) || (SIZEOF (.vector_50) <= (_vector_spacing << 0x5))), function at exception vector 50 too large)

.vector_51      0x000000009d001860        0x0
 *(.vector_51)
                0x0000000000000001                ASSERT (((_vector_spacing == 0x0) || (SIZEOF (.vector_51) <= (_vector_spacing << 0x5))), function at exception vector 51 too large)

.vector_52      0x000000009d001880        0x0
 *(.vector_52)
                0x0000000000000001                ASSERT (((_vector_spacing == 0x0) || (SIZEOF (.vector_52) <= (_vector_spacing << 0x5))), function at exception vector 52 too large)

.vector_53      0x000000009d0018a0        0x0
 *(.vector_53)
                0x0000000000000001                ASSERT (((_vector_spacing == 0x0) || (SIZEOF (.vector_53) <= (_vector_spacing << 0x5))), function at exception vector 53 too large)

.vector_54      0x000000009d0018c0        0x0
 *(.vector_54)
                0x0000000000000001                ASSERT (((_vector_spacing == 0x0) || (SIZEOF (.vector_54) <= (_vector_spacing << 0x5))), function at exception vector 54 too large)

.vector_55      0x000000009d0018e0        0x0
 *(.vector_55)
                0x0000000000000001                ASSERT (((_vector_spacing == 0x0) || (SIZEOF (.vector_55) <= (_vector_spacing << 0x5))), function at exception vector 55 too large)

.vector_56      0x000000009d001900        0x0
 *(.vector_56)
                0x0000000000000001                ASSERT (((_vector_spacing == 0x0) || (SIZEOF (.vector_56) <= (_vector_spacing << 0x5))), function at exception vector 56 too large)

.vector_57      0x000000009d001920        0x0
 *(.vector_57)
                0x0000000000000001                ASSERT (((_vector_spacing == 0x0) || (SIZEOF (.vector_57) <= (_vector_spacing << 0x5))), function at exception vector 57 too large)

.vector_58      0x000000009d001940        0x0
 *(.vector_58)
                0x0000000000000001                ASSERT (((_vector_spacing == 0x0) || (SIZEOF (.vector_58) <= (_vector_spacing << 0x5))), function at exception vector 58 too large)

.vector_59      0x000000009d001960        0x0
 *(.vector_59)
                0x0000000000000001                ASSERT (((_vector_spacing == 0x0) || (SIZEOF (.vector_59) <= (_vector_spacing << 0x5))), function at exception vector 59 too large)

.vector_60      0x000000009d001980        0x0
 *(.vector_60)
                0x0000000000000001                ASSERT (((_vector_spacing == 0x0) || (SIZEOF (.vector_60) <= (_vector_spacing << 0x5))), function at exception vector 60 too large)

.vector_61      0x000000009d0019a0        0x0
 *(.vector_61)
                0x0000000000000001                ASSERT (((_vector_spacing == 0x0) || (SIZEOF (.vector_61) <= (_vector_spacing << 0x5))), function at exception vector 61 too large)

.vector_62      0x000000009d0019c0        0x0
 *(.vector_62)
                0x0000000000000001                ASSERT (((_vector_spacing == 0x0) || (SIZEOF (.vector_62) <= (_vector_spacing << 0x5))), function at exception vector 62 too large)

.vector_63      0x000000009d0019e0        0x0
 *(.vector_63)
                0x0000000000000001                ASSERT (((_vector_spacing == 0x0) || (SIZEOF (.vector_63) <= (_vector_spacing << 0x5))), function at exception vector 63 too large)

.startup
 *(.startup)

.text           0x000000009d002000        0x0
 *(.stub .gnu.linkonce.t.*)
 *(.text.*personality*)
 *(.mips16.fn.*)
 *(.mips16.call.*)
 *(.gnu.warning)
                0x000000009d002000                . = ALIGN (0x4)

.init           0x000000009d002000        0x0
 *crti.o(.init)
 *crtbegin.o(.init)
 *(EXCLUDE_FILE(*crtn.o *crtend?.o *crtend.o) .init)
 *crtend.o(.init)
 *crtn.o(.init)
                0x000000009d002000                . = ALIGN (0x4)

.fini           0x000000009d002000        0x0
 *(.fini)
                0x000000009d002000                . = ALIGN (0x4)

.preinit_array  0x000000009d002000        0x0
                [!provide]                        PROVIDE (__preinit_array_start = .)
 *(.preinit_array)
                [!provide]                        PROVIDE (__preinit_array_end = .)
                0x000000009d002000                . = ALIGN (0x4)

.init_array     0x000000009d002000        0x0
                [!provide]                        PROVIDE (__init_array_start = .)
 *(SORT_BY_NAME(.init_array.*))
 *(.init_array)
                [!provide]                        PROVIDE (__init_array_end = .)
                0x000000009d002000                . = ALIGN (0x4)

.fini_array     0x000000009d002000        0x0
                [!provide]                        PROVIDE (__fini_array_start = .)
 *(SORT_BY_NAME(.fini_array.*))
 *(.fini_array)
                [!provide]                        PROVIDE (__fini_array_end = .)
                0x000000009d002000                . = ALIGN (0x4)

.ctors          0x000000009d002000        0x0
 *crtbegin.o(.ctors)
 *crtbegin?.o(.ctors)
 *(EXCLUDE_FILE(*crtend?.o *crtend.o) .ctors)
 *(SORT_BY_NAME(.ctors.*))
 *(.ctors)
                0x000000009d002000                . = ALIGN (0x4)

.dtors          0x000000009d002000        0x0
 *crtbegin.o(.dtors)
 *crtbegin?.o(.dtors)
 *(EXCLUDE_FILE(*crtend?.o *crtend.o) .dtors)
 *(SORT_BY_NAME(.dtors.*))
 *(.dtors)
                0x000000009d002000                . = ALIGN (0x4)

.rodata         0x000000009d002000        0x0
 *(.gnu.linkonce.r.*)
 *(.rodata1)
                0x000000009d002000                . = ALIGN (0x4)

.sdata2         0x000000009d002000        0x0
 *(.sdata2 .sdata2.* .gnu.linkonce.s2.*)
                0x000000009d002000                . = ALIGN (0x4)

.sbss2          0x000000009d002000        0x0
 *(.sbss2 .sbss2.* .gnu.linkonce.sb2.*)
                0x000000009d002000                . = ALIGN (0x4)

.eh_frame_hdr
 *(.eh_frame_hdr)
                0x000000009d002000                . = ALIGN (0x4)

.eh_frame
 *(.eh_frame)
                0x000000009d002000                . = ALIGN (0x4)

.gcc_except_table
 *(.gcc_except_table .gcc_except_table.*)
                0x000000009d002000                . = ALIGN (0x4)

.dbg_data       0x00000000a0000000        0x0
                0x00000000a0000000                . = (. + DEFINED (_DEBUGGER)?0x200:0x0)

.jcr            0x00000000a0000000        0x0
 *(.jcr)
                0x00000000a0000000                . = ALIGN (0x4)

.eh_frame
 *(.eh_frame)
                0x00000000a0000000                . = ALIGN (0x4)

.gcc_except_table
 *(.gcc_except_table .gcc_except_table.*)
                0x00000000a0000000                . = ALIGN (0x4)

.persist        0x00000000a0000000        0x0
                0x00000000a0000000                _persist_begin = .
 *(.persist .persist.*)
 *(.pbss .pbss.*)
                0x00000000a0000000                . = ALIGN (0x4)
                0x00000000a0000000                _persist_end = .

.data           0x00000000a0000000        0x0
 *(.gnu.linkonce.d.*)
 *(.data1)
                0x00000000a0000000                . = ALIGN (0x4)
                0x00000000a0000000                . = .
                0x00000000a0007ff0                _gp = (ALIGN (0x10) + 0x7ff0)

.got            0x00000000a0000000        0x0
 *(.got.plt)
 *(.got)
                0x00000000a0000000                . = ALIGN (0x4)

.sdata          0x00000000a0000000       0x1c
                0x00000000a0000000                _sdata_begin = .
 *(.sdata .sdata.* .gnu.linkonce.s.*)
 .sdata         0x00000000a0000000        0x4 build/default/production/AD.o
 .sdata         0x00000000a0000004        0x4 build/default/production/AtTower_SubHSM.o
 .sdata         0x00000000a0000008        0x4 build/default/production/KegBot_EventChecker.o
 .sdata         0x00000000a000000c        0x4 build/default/production/KegBot_TopHSM.o
 .sdata         0x00000000a0000010        0x4 build/default/production/Stepper.o
 .sdata         0x00000000a0000014        0x4 build/default/production/TapeFollow_SubHSM.o
 .sdata         0x00000000a0000018        0x4 d:/xc32/bin/bin/../../lib/gcc/pic32mx/8.3.1/../../../../pic32mx/lib\liblega-c.a(_iobdata.o)
                0x00000000a0000018                _libc_data
                0x00000000a000001c                . = ALIGN (0x4)
                0x00000000a000001c                _sdata_end = .

.lit8
 *(.lit8)

.lit4
 *(.lit4)
                0x00000000a000001c                . = ALIGN (0x4)
                0x00000000a000001c                _data_end = .
                0x00000000a000001c                _bss_begin = .

.sbss           0x00000000a000001c      0x140
                0x00000000a000001c                _sbss_begin = .
 *(.dynsbss)
 *(.sbss .sbss.* .gnu.linkonce.sb.*)
 .sbss          0x00000000a000001c       0x24 build/default/production/AD.o
 .sbss          0x00000000a0000040        0xc build/default/production/AtTower_SubHSM.o
 .sbss          0x00000000a000004c        0xc build/default/production/ES_Framework.o
                0x00000000a000004c                Ready
 .sbss          0x00000000a0000058        0x1 build/default/production/ES_KeyboardInput.o
 *fill*         0x00000000a0000059        0x3 
 .sbss          0x00000000a000005c       0x30 build/default/production/ES_Timers.o
 .sbss          0x00000000a000008c       0x28 build/default/production/KegBot_EventChecker.o
 .sbss          0x00000000a00000b4       0x24 build/default/production/KegBot_TopHSM.o
 .sbss          0x00000000a00000d8        0x2 build/default/production/LED.o
 *fill*         0x00000000a00000da        0x2 
 .sbss          0x00000000a00000dc       0x10 build/default/production/RotateAroundTower.o
 .sbss          0x00000000a00000ec       0x10 build/default/production/SearchForTower_SubHSM.o
 .sbss          0x00000000a00000fc       0x12 build/default/production/Stepper.o
 *fill*         0x00000000a000010e        0x2 
 .sbss          0x00000000a0000110        0x8 build/default/production/TankCircuitService.o
 .sbss          0x00000000a0000118        0x1 build/default/production/TapeSensorService .o
 *fill*         0x00000000a0000119        0x3 
 .sbss          0x00000000a000011c        0xc build/default/production/pwm.o
 .sbss          0x00000000a0000128        0xe build/default/production/serial.o
 *fill*         0x00000000a0000136        0x2 
 .sbss          0x00000000a0000138        0xc build/default/production/TapeFollow_SubHSM.o
 .sbss          0x00000000a0000144        0xc build/default/production/_ext/1975241074/timers.o
 .sbss          0x00000000a0000150        0x5 build/default/production/Traversing_SubHSM.o
 *fill*         0x00000000a0000155        0x3 
 .sbss          0x00000000a0000158        0x4 d:/xc32/bin/bin/../../lib/gcc/pic32mx/8.3.1/../../../../pic32mx/lib\liblega-c.a(errno.o)
                0x00000000a0000158                errno
 *(.scommon)
                0x00000000a000015c                _sbss_end = .
                0x00000000a000015c                . = ALIGN (0x4)

.bss            0x00000000a000015c        0x0
 *(.dynbss)
 *(COMMON)
                0x00000000a000015c                . = ALIGN ((. != 0x0)?0x4:0x1)
                0x00000000a000015c                . = ALIGN (0x4)
                0x00000000a000015c                _end = .
                0x00000000a000015c                _bss_end = .
                0x0000000000004000                _bmxdudba_address = LENGTH (kseg1_data_mem)
                0x0000000000004000                _bmxdupba_address = LENGTH (kseg1_data_mem)

/DISCARD/
 *(.pdr)
 *(.rel.dyn)
 *(.note.GNU-stack)
 *(.note.GNU-stack)
 *(.gnu_debuglink)
 *(.gnu.lto_*)
 *(.discard)

.gptab.sdata
 *(.gptab.data)
 *(.gptab.sdata)

.gptab.sbss
 *(.gptab.bss)
 *(.gptab.sbss)

.mdebug.abi32   0x00000000a000015c        0x0
 *(.mdebug.abi32)
 .mdebug.abi32  0x00000000a000015c        0x0 build/default/production/AD.o
 .mdebug.abi32  0x00000000a000015c        0x0 build/default/production/AtTower_SubHSM.o
 .mdebug.abi32  0x00000000a000015c        0x0 build/default/production/BOARD.o
 .mdebug.abi32  0x00000000a000015c        0x0 build/default/production/ES_CheckEvents.o
 .mdebug.abi32  0x00000000a000015c        0x0 build/default/production/ES_Framework.o
 .mdebug.abi32  0x00000000a000015c        0x0 build/default/production/ES_KeyboardInput.o
 .mdebug.abi32  0x00000000a000015c        0x0 build/default/production/ES_PostList.o
 .mdebug.abi32  0x00000000a000015c        0x0 build/default/production/ES_Queue.o
 .mdebug.abi32  0x00000000a000015c        0x0 build/default/production/ES_TattleTale.o
 .mdebug.abi32  0x00000000a000015c        0x0 build/default/production/ES_Timers.o
 .mdebug.abi32  0x00000000a000015c        0x0 build/default/production/IO_Ports.o
 .mdebug.abi32  0x00000000a000015c        0x0 build/default/production/KegBot_ESMain.o
 .mdebug.abi32  0x00000000a000015c        0x0 build/default/production/KegBot_EventChecker.o
 .mdebug.abi32  0x00000000a000015c        0x0 build/default/production/KegBot_TopHSM.o
 .mdebug.abi32  0x00000000a000015c        0x0 build/default/production/LED.o
 .mdebug.abi32  0x00000000a000015c        0x0 build/default/production/MotorControl.o
 .mdebug.abi32  0x00000000a000015c        0x0 build/default/production/RotateAroundTower.o
 .mdebug.abi32  0x00000000a000015c        0x0 build/default/production/SearchForTower_SubHSM.o
 .mdebug.abi32  0x00000000a000015c        0x0 build/default/production/Stepper.o
 .mdebug.abi32  0x00000000a000015c        0x0 build/default/production/TankCircuit.o
 .mdebug.abi32  0x00000000a000015c        0x0 build/default/production/TankCircuitService.o
 .mdebug.abi32  0x00000000a000015c        0x0 build/default/production/TapeSensorService .o
 .mdebug.abi32  0x00000000a000015c        0x0 build/default/production/bumpers.o
 .mdebug.abi32  0x00000000a000015c        0x0 build/default/production/pwm.o
 .mdebug.abi32  0x00000000a000015c        0x0 build/default/production/serial.o
 .mdebug.abi32  0x00000000a000015c        0x0 build/default/production/tapeSensors.o
 .mdebug.abi32  0x00000000a000015c        0x0 build/default/production/TapeFollow_SubHSM.o
 .mdebug.abi32  0x00000000a000015c        0x0 build/default/production/_ext/1975241074/timers.o
 .mdebug.abi32  0x00000000a000015c        0x0 build/default/production/Traversing_SubHSM.o
 .mdebug.abi32  0x00000000a000015c        0x0 d:/xc32/bin/bin/../../lib/gcc/pic32mx/8.3.1\libgcc.a(floatunsisf.o)
 .mdebug.abi32  0x00000000a000015c        0x0 d:/xc32/bin/bin/../../lib/gcc/pic32mx/8.3.1/../../../../pic32mx/lib\libpic32.a(default-bootstrap-exception-handler.o)
 .mdebug.abi32  0x00000000a000015c        0x0 d:/xc32/bin/bin/../../lib/gcc/pic32mx/8.3.1/../../../../pic32mx/lib\libpic32.a(default-on-reset.o)
 .mdebug.abi32  0x00000000a000015c        0x0 d:/xc32/bin/bin/../../lib/gcc/pic32mx/8.3.1/../../../../pic32mx/lib\libpic32.a(default-on-bootstrap.o)
 .mdebug.abi32  0x00000000a000015c        0x0 d:/xc32/bin/bin/../../lib/gcc/pic32mx/8.3.1/../../../../pic32mx/lib\libpic32.a(default-general-exception-handler.o)
 .mdebug.abi32  0x00000000a000015c        0x0 d:/xc32/bin/bin/../../lib/gcc/pic32mx/8.3.1/../../../../pic32mx/lib\libpic32.a(defaultinterrupt.o)
 .mdebug.abi32  0x00000000a000015c        0x0 d:/xc32/bin/bin/../../lib/gcc/pic32mx/8.3.1/../../../../pic32mx/lib\liblega-c.a(fputs.o)
 .mdebug.abi32  0x00000000a000015c        0x0 d:/xc32/bin/bin/../../lib/gcc/pic32mx/8.3.1/../../../../pic32mx/lib\liblega-c.a(printf_cdnopuxX.eo)
 .mdebug.abi32  0x00000000a000015c        0x0 d:/xc32/bin/bin/../../lib/gcc/pic32mx/8.3.1/../../../../pic32mx/lib\liblega-c.a(printf_s.eo)
 .mdebug.abi32  0x00000000a000015c        0x0 d:/xc32/bin/bin/../../lib/gcc/pic32mx/8.3.1/../../../../pic32mx/lib\liblega-c.a(strlen.o)
 .mdebug.abi32  0x00000000a000015c        0x0 d:/xc32/bin/bin/../../lib/gcc/pic32mx/8.3.1/../../../../pic32mx/lib\liblega-c.a(_doprnt_cdnopuxX.eo)
 .mdebug.abi32  0x00000000a000015c        0x0 d:/xc32/bin/bin/../../lib/gcc/pic32mx/8.3.1/../../../../pic32mx/lib\liblega-c.a(_doprnt_s.eo)
 .mdebug.abi32  0x00000000a000015c        0x0 d:/xc32/bin/bin/../../lib/gcc/pic32mx/8.3.1/../../../../pic32mx/lib\liblega-c.a(_iobdata.o)
 .mdebug.abi32  0x00000000a000015c        0x0 d:/xc32/bin/bin/../../lib/gcc/pic32mx/8.3.1/../../../../pic32mx/lib\liblega-c.a(_iobfuncs.o)
 .mdebug.abi32  0x00000000a000015c        0x0 d:/xc32/bin/bin/../../lib/gcc/pic32mx/8.3.1/../../../../pic32mx/lib\liblega-c.a(fputc.o)
 .mdebug.abi32  0x00000000a000015c        0x0 d:/xc32/bin/bin/../../lib/gcc/pic32mx/8.3.1/../../../../pic32mx/lib\liblega-c.a(errno.o)
 .mdebug.abi32  0x00000000a000015c        0x0 d:/xc32/bin/bin/../../lib/gcc/pic32mx/8.3.1\libgcc.a(_udivdi3.o)
 .mdebug.abi32  0x00000000a000015c        0x0 d:/xc32/bin/bin/../../lib/gcc/pic32mx/8.3.1\libgcc.a(_umoddi3.o)
 .mdebug.abi32  0x00000000a000015c        0x0 d:/xc32/bin/bin/../../lib/gcc/pic32mx/8.3.1/../../../../pic32mx/lib\libpic32.a(_mon_write.o)

.mdebug.abiN32
 *(.mdebug.abiN32)

.mdebug.abi64
 *(.mdebug.abi64)

.mdebug.abiO64
 *(.mdebug.abiO64)

.mdebug.eabi32
 *(.mdebug.eabi32)

.mdebug.eabi64
 *(.mdebug.eabi64)

.gcc_compiled_long32
 *(.gcc_compiled_long32)

.gcc_compiled_long64
 *(.gcc_compiled_long64)

.stab
 *(.stab)

.stabstr
 *(.stabstr)

.stab.excl
 *(.stab.excl)

.stab.exclstr
 *(.stab.exclstr)

.stab.index
 *(.stab.index)

.stab.indexstr
 *(.stab.indexstr)

.comment        0x0000000000000000      0x2da
 *(.comment)
 .comment       0x0000000000000000       0x53 build/default/production/AD.o
                                         0x54 (size before relaxing)
 .comment       0x0000000000000053       0x54 build/default/production/AtTower_SubHSM.o
 .comment       0x0000000000000053       0x54 build/default/production/BOARD.o
 .comment       0x0000000000000053       0x54 build/default/production/ES_CheckEvents.o
 .comment       0x0000000000000053       0x54 build/default/production/ES_Framework.o
 .comment       0x0000000000000053       0x54 build/default/production/ES_KeyboardInput.o
 .comment       0x0000000000000053       0x54 build/default/production/ES_PostList.o
 .comment       0x0000000000000053       0x54 build/default/production/ES_Queue.o
 .comment       0x0000000000000053       0x54 build/default/production/ES_TattleTale.o
 .comment       0x0000000000000053       0x54 build/default/production/ES_Timers.o
 .comment       0x0000000000000053       0x54 build/default/production/IO_Ports.o
 .comment       0x0000000000000053       0x54 build/default/production/KegBot_ESMain.o
 .comment       0x0000000000000053       0x54 build/default/production/KegBot_EventChecker.o
 .comment       0x0000000000000053       0x54 build/default/production/KegBot_TopHSM.o
 .comment       0x0000000000000053       0x54 build/default/production/LED.o
 .comment       0x0000000000000053       0x54 build/default/production/MotorControl.o
 .comment       0x0000000000000053       0x54 build/default/production/RotateAroundTower.o
 .comment       0x0000000000000053       0x54 build/default/production/SearchForTower_SubHSM.o
 .comment       0x0000000000000053       0x54 build/default/production/Stepper.o
 .comment       0x0000000000000053       0x54 build/default/production/TankCircuit.o
 .comment       0x0000000000000053       0x54 build/default/production/TankCircuitService.o
 .comment       0x0000000000000053       0x54 build/default/production/TapeSensorService .o
 .comment       0x0000000000000053       0x54 build/default/production/bumpers.o
 .comment       0x0000000000000053       0x54 build/default/production/pwm.o
 .comment       0x0000000000000053       0x54 build/default/production/serial.o
 .comment       0x0000000000000053       0x54 build/default/production/tapeSensors.o
 .comment       0x0000000000000053       0x54 build/default/production/TapeFollow_SubHSM.o
 .comment       0x0000000000000053       0x54 build/default/production/_ext/1975241074/timers.o
 .comment       0x0000000000000053       0x54 build/default/production/Traversing_SubHSM.o
 .comment       0x0000000000000053       0x54 d:/xc32/bin/bin/../../lib/gcc/pic32mx/8.3.1\libgcc.a(floatunsisf.o)
 .comment       0x0000000000000053       0x54 d:/xc32/bin/bin/../../lib/gcc/pic32mx/8.3.1/../../../../pic32mx/lib\libpic32.a(default-bootstrap-exception-handler.o)
 .comment       0x0000000000000053       0x54 d:/xc32/bin/bin/../../lib/gcc/pic32mx/8.3.1/../../../../pic32mx/lib\libpic32.a(default-on-reset.o)
 .comment       0x0000000000000053       0x54 d:/xc32/bin/bin/../../lib/gcc/pic32mx/8.3.1/../../../../pic32mx/lib\libpic32.a(default-on-bootstrap.o)
 .comment       0x0000000000000053       0x54 d:/xc32/bin/bin/../../lib/gcc/pic32mx/8.3.1/../../../../pic32mx/lib\libpic32.a(default-general-exception-handler.o)
 .comment       0x0000000000000053       0x54 d:/xc32/bin/bin/../../lib/gcc/pic32mx/8.3.1/../../../../pic32mx/lib\libpic32.a(defaultinterrupt.o)
 .comment       0x0000000000000053       0x50 d:/xc32/bin/bin/../../lib/gcc/pic32mx/8.3.1/../../../../pic32mx/lib\liblega-c.a(fputs.o)
                                         0xa4 (size before relaxing)
 .comment       0x00000000000000a3       0x51 d:/xc32/bin/bin/../../lib/gcc/pic32mx/8.3.1/../../../../pic32mx/lib\liblega-c.a(printf_cdnopuxX.eo)
                                         0xa5 (size before relaxing)
 .comment       0x00000000000000f4       0xa5 d:/xc32/bin/bin/../../lib/gcc/pic32mx/8.3.1/../../../../pic32mx/lib\liblega-c.a(printf_s.eo)
 .comment       0x00000000000000f4       0x4f d:/xc32/bin/bin/../../lib/gcc/pic32mx/8.3.1/../../../../pic32mx/lib\liblega-c.a(strlen.o)
                                         0xa3 (size before relaxing)
 .comment       0x0000000000000143       0x52 d:/xc32/bin/bin/../../lib/gcc/pic32mx/8.3.1/../../../../pic32mx/lib\liblega-c.a(_doprnt_cdnopuxX.eo)
                                         0xa6 (size before relaxing)
 .comment       0x0000000000000195       0xa6 d:/xc32/bin/bin/../../lib/gcc/pic32mx/8.3.1/../../../../pic32mx/lib\liblega-c.a(_doprnt_s.eo)
 .comment       0x0000000000000195       0x53 d:/xc32/bin/bin/../../lib/gcc/pic32mx/8.3.1/../../../../pic32mx/lib\liblega-c.a(_iobdata.o)
                                         0xa7 (size before relaxing)
 .comment       0x00000000000001e8       0x54 d:/xc32/bin/bin/../../lib/gcc/pic32mx/8.3.1/../../../../pic32mx/lib\liblega-c.a(_iobfuncs.o)
                                         0xa8 (size before relaxing)
 .comment       0x000000000000023c       0x50 d:/xc32/bin/bin/../../lib/gcc/pic32mx/8.3.1/../../../../pic32mx/lib\liblega-c.a(fputc.o)
                                         0xa4 (size before relaxing)
 .comment       0x000000000000028c       0x4e d:/xc32/bin/bin/../../lib/gcc/pic32mx/8.3.1/../../../../pic32mx/lib\liblega-c.a(errno.o)
                                         0xa2 (size before relaxing)
 .comment       0x00000000000002da       0x54 d:/xc32/bin/bin/../../lib/gcc/pic32mx/8.3.1\libgcc.a(_udivdi3.o)
 .comment       0x00000000000002da       0x54 d:/xc32/bin/bin/../../lib/gcc/pic32mx/8.3.1\libgcc.a(_umoddi3.o)
 .comment       0x00000000000002da       0x54 d:/xc32/bin/bin/../../lib/gcc/pic32mx/8.3.1/../../../../pic32mx/lib\libpic32.a(_mon_write.o)

.debug
 *(.debug)

.line
 *(.line)

.debug_srcinfo
 *(.debug_srcinfo)

.debug_sfnames
 *(.debug_sfnames)

.debug_aranges  0x0000000000000000      0x4b0
 *(.debug_aranges)
 .debug_aranges
                0x0000000000000000       0x20 build/default/production/AD.o
 .debug_aranges
                0x0000000000000020       0x20 build/default/production/AtTower_SubHSM.o
 .debug_aranges
                0x0000000000000040       0x20 build/default/production/BOARD.o
 .debug_aranges
                0x0000000000000060       0x20 build/default/production/ES_CheckEvents.o
 .debug_aranges
                0x0000000000000080       0x20 build/default/production/ES_Framework.o
 .debug_aranges
                0x00000000000000a0       0x20 build/default/production/ES_KeyboardInput.o
 .debug_aranges
                0x00000000000000c0       0x18 build/default/production/ES_PostList.o
 .debug_aranges
                0x00000000000000d8       0x20 build/default/production/ES_Queue.o
 .debug_aranges
                0x00000000000000f8       0x18 build/default/production/ES_TattleTale.o
 .debug_aranges
                0x0000000000000110       0x20 build/default/production/ES_Timers.o
 .debug_aranges
                0x0000000000000130       0x20 build/default/production/IO_Ports.o
 .debug_aranges
                0x0000000000000150       0x20 build/default/production/KegBot_ESMain.o
 .debug_aranges
                0x0000000000000170       0x20 build/default/production/KegBot_EventChecker.o
 .debug_aranges
                0x0000000000000190       0x20 build/default/production/KegBot_TopHSM.o
 .debug_aranges
                0x00000000000001b0       0x20 build/default/production/LED.o
 .debug_aranges
                0x00000000000001d0       0x20 build/default/production/MotorControl.o
 .debug_aranges
                0x00000000000001f0       0x20 build/default/production/RotateAroundTower.o
 .debug_aranges
                0x0000000000000210       0x20 build/default/production/SearchForTower_SubHSM.o
 .debug_aranges
                0x0000000000000230       0x20 build/default/production/Stepper.o
 .debug_aranges
                0x0000000000000250       0x20 build/default/production/TankCircuit.o
 .debug_aranges
                0x0000000000000270       0x20 build/default/production/TankCircuitService.o
 .debug_aranges
                0x0000000000000290       0x20 build/default/production/TapeSensorService .o
 .debug_aranges
                0x00000000000002b0       0x20 build/default/production/bumpers.o
 .debug_aranges
                0x00000000000002d0       0x20 build/default/production/pwm.o
 .debug_aranges
                0x00000000000002f0       0x20 build/default/production/serial.o
 .debug_aranges
                0x0000000000000310       0x20 build/default/production/tapeSensors.o
 .debug_aranges
                0x0000000000000330       0x20 build/default/production/TapeFollow_SubHSM.o
 .debug_aranges
                0x0000000000000350       0x20 build/default/production/_ext/1975241074/timers.o
 .debug_aranges
                0x0000000000000370       0x20 build/default/production/Traversing_SubHSM.o
 .debug_aranges
                0x0000000000000390       0x20 d:/xc32/bin/bin/../../lib/gcc/pic32mx/8.3.1\libgcc.a(floatunsisf.o)
 .debug_aranges
                0x00000000000003b0       0x20 d:/xc32/bin/bin/../../lib/gcc/pic32mx/8.3.1/../../../../pic32mx/lib\libpic32.a(default-bootstrap-exception-handler.o)
 .debug_aranges
                0x00000000000003d0       0x20 d:/xc32/bin/bin/../../lib/gcc/pic32mx/8.3.1/../../../../pic32mx/lib\libpic32.a(default-on-reset.o)
 .debug_aranges
                0x00000000000003f0       0x20 d:/xc32/bin/bin/../../lib/gcc/pic32mx/8.3.1/../../../../pic32mx/lib\libpic32.a(default-on-bootstrap.o)
 .debug_aranges
                0x0000000000000410       0x20 d:/xc32/bin/bin/../../lib/gcc/pic32mx/8.3.1/../../../../pic32mx/lib\libpic32.a(default-general-exception-handler.o)
 .debug_aranges
                0x0000000000000430       0x20 d:/xc32/bin/bin/../../lib/gcc/pic32mx/8.3.1/../../../../pic32mx/lib\libpic32.a(defaultinterrupt.o)
 .debug_aranges
                0x0000000000000450       0x20 d:/xc32/bin/bin/../../lib/gcc/pic32mx/8.3.1\libgcc.a(_udivdi3.o)
 .debug_aranges
                0x0000000000000470       0x20 d:/xc32/bin/bin/../../lib/gcc/pic32mx/8.3.1\libgcc.a(_umoddi3.o)
 .debug_aranges
                0x0000000000000490       0x20 d:/xc32/bin/bin/../../lib/gcc/pic32mx/8.3.1/../../../../pic32mx/lib\libpic32.a(_mon_write.o)

.debug_pubnames
 *(.debug_pubnames)

.debug_info     0x0000000000000000    0xa4ed5
 *(.debug_info .gnu.linkonce.wi.*)
 .debug_info    0x0000000000000000     0xac75 build/default/production/AD.o
 .debug_info    0x000000000000ac75      0x61d build/default/production/AtTower_SubHSM.o
 .debug_info    0x000000000000b292     0xa6f4 build/default/production/BOARD.o
 .debug_info    0x0000000000015986      0x13d build/default/production/ES_CheckEvents.o
 .debug_info    0x0000000000015ac3      0x876 build/default/production/ES_Framework.o
 .debug_info    0x0000000000016339      0x60a build/default/production/ES_KeyboardInput.o
 .debug_info    0x0000000000016943       0x8a build/default/production/ES_PostList.o
 .debug_info    0x00000000000169cd      0x3ca build/default/production/ES_Queue.o
 .debug_info    0x0000000000016d97     0xa9bc build/default/production/ES_TattleTale.o
 .debug_info    0x0000000000021753     0xaaed build/default/production/ES_Timers.o
 .debug_info    0x000000000002c240     0xabbc build/default/production/IO_Ports.o
 .debug_info    0x0000000000036dfc     0xaa28 build/default/production/KegBot_ESMain.o
 .debug_info    0x0000000000041824      0x6f7 build/default/production/KegBot_EventChecker.o
 .debug_info    0x0000000000041f1b      0x6c4 build/default/production/KegBot_TopHSM.o
 .debug_info    0x00000000000425df     0xaa67 build/default/production/LED.o
 .debug_info    0x000000000004d046     0xaafd build/default/production/MotorControl.o
 .debug_info    0x0000000000057b43      0x61d build/default/production/RotateAroundTower.o
 .debug_info    0x0000000000058160      0x39f build/default/production/SearchForTower_SubHSM.o
 .debug_info    0x00000000000584ff     0xac2b build/default/production/Stepper.o
 .debug_info    0x000000000006312a     0xa6c7 build/default/production/TankCircuit.o
 .debug_info    0x000000000006d7f1      0x60e build/default/production/TankCircuitService.o
 .debug_info    0x000000000006ddff      0x634 build/default/production/TapeSensorService .o
 .debug_info    0x000000000006e433     0xa71e build/default/production/bumpers.o
 .debug_info    0x0000000000078b51     0xabc6 build/default/production/pwm.o
 .debug_info    0x0000000000083717     0xa8d8 build/default/production/serial.o
 .debug_info    0x000000000008dfef     0xa6d2 build/default/production/tapeSensors.o
 .debug_info    0x00000000000986c1      0x61d build/default/production/TapeFollow_SubHSM.o
 .debug_info    0x0000000000098cde     0xa8a9 build/default/production/_ext/1975241074/timers.o
 .debug_info    0x00000000000a3587      0x5f7 build/default/production/Traversing_SubHSM.o
 .debug_info    0x00000000000a3b7e       0x9d d:/xc32/bin/bin/../../lib/gcc/pic32mx/8.3.1\libgcc.a(floatunsisf.o)
 .debug_info    0x00000000000a3c1b       0x41 d:/xc32/bin/bin/../../lib/gcc/pic32mx/8.3.1/../../../../pic32mx/lib\libpic32.a(default-bootstrap-exception-handler.o)
 .debug_info    0x00000000000a3c5c       0x3f d:/xc32/bin/bin/../../lib/gcc/pic32mx/8.3.1/../../../../pic32mx/lib\libpic32.a(default-on-reset.o)
 .debug_info    0x00000000000a3c9b       0x3f d:/xc32/bin/bin/../../lib/gcc/pic32mx/8.3.1/../../../../pic32mx/lib\libpic32.a(default-on-bootstrap.o)
 .debug_info    0x00000000000a3cda       0x41 d:/xc32/bin/bin/../../lib/gcc/pic32mx/8.3.1/../../../../pic32mx/lib\libpic32.a(default-general-exception-handler.o)
 .debug_info    0x00000000000a3d1b       0x40 d:/xc32/bin/bin/../../lib/gcc/pic32mx/8.3.1/../../../../pic32mx/lib\libpic32.a(defaultinterrupt.o)
 .debug_info    0x00000000000a3d5b      0x85c d:/xc32/bin/bin/../../lib/gcc/pic32mx/8.3.1\libgcc.a(_udivdi3.o)
 .debug_info    0x00000000000a45b7      0x8d4 d:/xc32/bin/bin/../../lib/gcc/pic32mx/8.3.1\libgcc.a(_umoddi3.o)
 .debug_info    0x00000000000a4e8b       0x4a d:/xc32/bin/bin/../../lib/gcc/pic32mx/8.3.1/../../../../pic32mx/lib\libpic32.a(_mon_write.o)

.debug_abbrev   0x0000000000000000     0x3b4d
 *(.debug_abbrev)
 .debug_abbrev  0x0000000000000000      0x30b build/default/production/AD.o
 .debug_abbrev  0x000000000000030b      0x179 build/default/production/AtTower_SubHSM.o
 .debug_abbrev  0x0000000000000484      0x1d2 build/default/production/BOARD.o
 .debug_abbrev  0x0000000000000656       0xc0 build/default/production/ES_CheckEvents.o
 .debug_abbrev  0x0000000000000716      0x21a build/default/production/ES_Framework.o
 .debug_abbrev  0x0000000000000930      0x1b5 build/default/production/ES_KeyboardInput.o
 .debug_abbrev  0x0000000000000ae5       0x59 build/default/production/ES_PostList.o
 .debug_abbrev  0x0000000000000b3e      0x12c build/default/production/ES_Queue.o
 .debug_abbrev  0x0000000000000c6a      0x204 build/default/production/ES_TattleTale.o
 .debug_abbrev  0x0000000000000e6e      0x2a7 build/default/production/ES_Timers.o
 .debug_abbrev  0x0000000000001115      0x262 build/default/production/IO_Ports.o
 .debug_abbrev  0x0000000000001377      0x23e build/default/production/KegBot_ESMain.o
 .debug_abbrev  0x00000000000015b5      0x197 build/default/production/KegBot_EventChecker.o
 .debug_abbrev  0x000000000000174c      0x18a build/default/production/KegBot_TopHSM.o
 .debug_abbrev  0x00000000000018d6      0x29e build/default/production/LED.o
 .debug_abbrev  0x0000000000001b74      0x269 build/default/production/MotorControl.o
 .debug_abbrev  0x0000000000001ddd      0x179 build/default/production/RotateAroundTower.o
 .debug_abbrev  0x0000000000001f56      0x10d build/default/production/SearchForTower_SubHSM.o
 .debug_abbrev  0x0000000000002063      0x326 build/default/production/Stepper.o
 .debug_abbrev  0x0000000000002389      0x182 build/default/production/TankCircuit.o
 .debug_abbrev  0x000000000000250b      0x168 build/default/production/TankCircuitService.o
 .debug_abbrev  0x0000000000002673      0x195 build/default/production/TapeSensorService .o
 .debug_abbrev  0x0000000000002808      0x1ad build/default/production/bumpers.o
 .debug_abbrev  0x00000000000029b5      0x2da build/default/production/pwm.o
 .debug_abbrev  0x0000000000002c8f      0x2ae build/default/production/serial.o
 .debug_abbrev  0x0000000000002f3d      0x1ab build/default/production/tapeSensors.o
 .debug_abbrev  0x00000000000030e8      0x179 build/default/production/TapeFollow_SubHSM.o
 .debug_abbrev  0x0000000000003261      0x21b build/default/production/_ext/1975241074/timers.o
 .debug_abbrev  0x000000000000347c      0x168 build/default/production/Traversing_SubHSM.o
 .debug_abbrev  0x00000000000035e4       0x7d d:/xc32/bin/bin/../../lib/gcc/pic32mx/8.3.1\libgcc.a(floatunsisf.o)
 .debug_abbrev  0x0000000000003661       0x31 d:/xc32/bin/bin/../../lib/gcc/pic32mx/8.3.1/../../../../pic32mx/lib\libpic32.a(default-bootstrap-exception-handler.o)
 .debug_abbrev  0x0000000000003692       0x2e d:/xc32/bin/bin/../../lib/gcc/pic32mx/8.3.1/../../../../pic32mx/lib\libpic32.a(default-on-reset.o)
 .debug_abbrev  0x00000000000036c0       0x2e d:/xc32/bin/bin/../../lib/gcc/pic32mx/8.3.1/../../../../pic32mx/lib\libpic32.a(default-on-bootstrap.o)
 .debug_abbrev  0x00000000000036ee       0x31 d:/xc32/bin/bin/../../lib/gcc/pic32mx/8.3.1/../../../../pic32mx/lib\libpic32.a(default-general-exception-handler.o)
 .debug_abbrev  0x000000000000371f       0x31 d:/xc32/bin/bin/../../lib/gcc/pic32mx/8.3.1/../../../../pic32mx/lib\libpic32.a(defaultinterrupt.o)
 .debug_abbrev  0x0000000000003750      0x1d8 d:/xc32/bin/bin/../../lib/gcc/pic32mx/8.3.1\libgcc.a(_udivdi3.o)
 .debug_abbrev  0x0000000000003928      0x1ee d:/xc32/bin/bin/../../lib/gcc/pic32mx/8.3.1\libgcc.a(_umoddi3.o)
 .debug_abbrev  0x0000000000003b16       0x37 d:/xc32/bin/bin/../../lib/gcc/pic32mx/8.3.1/../../../../pic32mx/lib\libpic32.a(_mon_write.o)

.debug_line     0x0000000000000000     0x5826
 *(.debug_line)
 .debug_line    0x0000000000000000      0x430 build/default/production/AD.o
 .debug_line    0x0000000000000430      0x2c6 build/default/production/AtTower_SubHSM.o
 .debug_line    0x00000000000006f6      0x178 build/default/production/BOARD.o
 .debug_line    0x000000000000086e      0x133 build/default/production/ES_CheckEvents.o
 .debug_line    0x00000000000009a1      0x26d build/default/production/ES_Framework.o
 .debug_line    0x0000000000000c0e      0x189 build/default/production/ES_KeyboardInput.o
 .debug_line    0x0000000000000d97       0x6a build/default/production/ES_PostList.o
 .debug_line    0x0000000000000e01      0x1ba build/default/production/ES_Queue.o
 .debug_line    0x0000000000000fbb      0x19c build/default/production/ES_TattleTale.o
 .debug_line    0x0000000000001157      0x2e1 build/default/production/ES_Timers.o
 .debug_line    0x0000000000001438      0x394 build/default/production/IO_Ports.o
 .debug_line    0x00000000000017cc      0x203 build/default/production/KegBot_ESMain.o
 .debug_line    0x00000000000019cf      0x25b build/default/production/KegBot_EventChecker.o
 .debug_line    0x0000000000001c2a      0x34b build/default/production/KegBot_TopHSM.o
 .debug_line    0x0000000000001f75      0x59f build/default/production/LED.o
 .debug_line    0x0000000000002514      0x26d build/default/production/MotorControl.o
 .debug_line    0x0000000000002781      0x299 build/default/production/RotateAroundTower.o
 .debug_line    0x0000000000002a1a      0x2dc build/default/production/SearchForTower_SubHSM.o
 .debug_line    0x0000000000002cf6      0x414 build/default/production/Stepper.o
 .debug_line    0x000000000000310a      0x153 build/default/production/TankCircuit.o
 .debug_line    0x000000000000325d      0x1c0 build/default/production/TankCircuitService.o
 .debug_line    0x000000000000341d      0x4f8 build/default/production/TapeSensorService .o
 .debug_line    0x0000000000003915      0x187 build/default/production/bumpers.o
 .debug_line    0x0000000000003a9c      0x3a0 build/default/production/pwm.o
 .debug_line    0x0000000000003e3c      0x2d2 build/default/production/serial.o
 .debug_line    0x000000000000410e      0x163 build/default/production/tapeSensors.o
 .debug_line    0x0000000000004271      0x2ca build/default/production/TapeFollow_SubHSM.o
 .debug_line    0x000000000000453b      0x24a build/default/production/_ext/1975241074/timers.o
 .debug_line    0x0000000000004785      0x223 build/default/production/Traversing_SubHSM.o
 .debug_line    0x00000000000049a8       0xba d:/xc32/bin/bin/../../lib/gcc/pic32mx/8.3.1\libgcc.a(floatunsisf.o)
 .debug_line    0x0000000000004a62       0xca d:/xc32/bin/bin/../../lib/gcc/pic32mx/8.3.1/../../../../pic32mx/lib\libpic32.a(default-bootstrap-exception-handler.o)
 .debug_line    0x0000000000004b2c       0xa6 d:/xc32/bin/bin/../../lib/gcc/pic32mx/8.3.1/../../../../pic32mx/lib\libpic32.a(default-on-reset.o)
 .debug_line    0x0000000000004bd2       0xaa d:/xc32/bin/bin/../../lib/gcc/pic32mx/8.3.1/../../../../pic32mx/lib\libpic32.a(default-on-bootstrap.o)
 .debug_line    0x0000000000004c7c       0xc8 d:/xc32/bin/bin/../../lib/gcc/pic32mx/8.3.1/../../../../pic32mx/lib\libpic32.a(default-general-exception-handler.o)
 .debug_line    0x0000000000004d44       0xc9 d:/xc32/bin/bin/../../lib/gcc/pic32mx/8.3.1/../../../../pic32mx/lib\libpic32.a(defaultinterrupt.o)
 .debug_line    0x0000000000004e0d      0x490 d:/xc32/bin/bin/../../lib/gcc/pic32mx/8.3.1\libgcc.a(_udivdi3.o)
 .debug_line    0x000000000000529d      0x4d9 d:/xc32/bin/bin/../../lib/gcc/pic32mx/8.3.1\libgcc.a(_umoddi3.o)
 .debug_line    0x0000000000005776       0xb0 d:/xc32/bin/bin/../../lib/gcc/pic32mx/8.3.1/../../../../pic32mx/lib\libpic32.a(_mon_write.o)

.debug_frame    0x0000000000000000     0x1768
 *(.debug_frame)
 .debug_frame   0x0000000000000000      0x190 build/default/production/AD.o
 .debug_frame   0x0000000000000190       0x58 build/default/production/AtTower_SubHSM.o
 .debug_frame   0x00000000000001e8       0x74 build/default/production/BOARD.o
 .debug_frame   0x000000000000025c       0x34 build/default/production/ES_CheckEvents.o
 .debug_frame   0x0000000000000290       0xc0 build/default/production/ES_Framework.o
 .debug_frame   0x0000000000000350       0x98 build/default/production/ES_KeyboardInput.o
 .debug_frame   0x00000000000003e8       0x90 build/default/production/ES_Queue.o
 .debug_frame   0x0000000000000478      0x14c build/default/production/ES_Timers.o
 .debug_frame   0x00000000000005c4      0x200 build/default/production/IO_Ports.o
 .debug_frame   0x00000000000007c4       0x2c build/default/production/KegBot_ESMain.o
 .debug_frame   0x00000000000007f0       0xc4 build/default/production/KegBot_EventChecker.o
 .debug_frame   0x00000000000008b4       0x7c build/default/production/KegBot_TopHSM.o
 .debug_frame   0x0000000000000930      0x170 build/default/production/LED.o
 .debug_frame   0x0000000000000aa0      0x154 build/default/production/MotorControl.o
 .debug_frame   0x0000000000000bf4       0x58 build/default/production/RotateAroundTower.o
 .debug_frame   0x0000000000000c4c       0x58 build/default/production/SearchForTower_SubHSM.o
 .debug_frame   0x0000000000000ca4      0x234 build/default/production/Stepper.o
 .debug_frame   0x0000000000000ed8       0x58 build/default/production/TankCircuit.o
 .debug_frame   0x0000000000000f30       0x7c build/default/production/TankCircuitService.o
 .debug_frame   0x0000000000000fac       0x7c build/default/production/TapeSensorService .o
 .debug_frame   0x0000000000001028       0xc4 build/default/production/bumpers.o
 .debug_frame   0x00000000000010ec      0x148 build/default/production/pwm.o
 .debug_frame   0x0000000000001234      0x15c build/default/production/serial.o
 .debug_frame   0x0000000000001390       0x58 build/default/production/tapeSensors.o
 .debug_frame   0x00000000000013e8       0x58 build/default/production/TapeFollow_SubHSM.o
 .debug_frame   0x0000000000001440      0x174 build/default/production/_ext/1975241074/timers.o
 .debug_frame   0x00000000000015b4       0x58 build/default/production/Traversing_SubHSM.o
 .debug_frame   0x000000000000160c       0x2c d:/xc32/bin/bin/../../lib/gcc/pic32mx/8.3.1\libgcc.a(floatunsisf.o)
 .debug_frame   0x0000000000001638       0x2c d:/xc32/bin/bin/../../lib/gcc/pic32mx/8.3.1/../../../../pic32mx/lib\libpic32.a(default-bootstrap-exception-handler.o)
 .debug_frame   0x0000000000001664       0x20 d:/xc32/bin/bin/../../lib/gcc/pic32mx/8.3.1/../../../../pic32mx/lib\libpic32.a(default-on-reset.o)
 .debug_frame   0x0000000000001684       0x20 d:/xc32/bin/bin/../../lib/gcc/pic32mx/8.3.1/../../../../pic32mx/lib\libpic32.a(default-on-bootstrap.o)
 .debug_frame   0x00000000000016a4       0x2c d:/xc32/bin/bin/../../lib/gcc/pic32mx/8.3.1/../../../../pic32mx/lib\libpic32.a(default-general-exception-handler.o)
 .debug_frame   0x00000000000016d0       0x20 d:/xc32/bin/bin/../../lib/gcc/pic32mx/8.3.1/../../../../pic32mx/lib\libpic32.a(defaultinterrupt.o)
 .debug_frame   0x00000000000016f0       0x20 d:/xc32/bin/bin/../../lib/gcc/pic32mx/8.3.1\libgcc.a(_udivdi3.o)
 .debug_frame   0x0000000000001710       0x20 d:/xc32/bin/bin/../../lib/gcc/pic32mx/8.3.1\libgcc.a(_umoddi3.o)
 .debug_frame   0x0000000000001730       0x38 d:/xc32/bin/bin/../../lib/gcc/pic32mx/8.3.1/../../../../pic32mx/lib\libpic32.a(_mon_write.o)

.debug_str      0x0000000000000000    0x3d58b
 *(.debug_str)
 .debug_str     0x0000000000000000     0x3a2a build/default/production/AD.o
 .debug_str     0x0000000000003a2a      0x78b build/default/production/AtTower_SubHSM.o
 .debug_str     0x00000000000041b5     0x3775 build/default/production/BOARD.o
 .debug_str     0x000000000000792a      0x2da build/default/production/ES_CheckEvents.o
 .debug_str     0x0000000000007c04      0x85b build/default/production/ES_Framework.o
 .debug_str     0x000000000000845f      0x745 build/default/production/ES_KeyboardInput.o
 .debug_str     0x0000000000008ba4      0x26b build/default/production/ES_PostList.o
 .debug_str     0x0000000000008e0f      0x603 build/default/production/ES_Queue.o
 .debug_str     0x0000000000009412     0x38d6 build/default/production/ES_TattleTale.o
 .debug_str     0x000000000000cce8     0x3b76 build/default/production/ES_Timers.o
 .debug_str     0x000000000001085e     0x3949 build/default/production/IO_Ports.o
 .debug_str     0x00000000000141a7     0x3933 build/default/production/KegBot_ESMain.o
 .debug_str     0x0000000000017ada      0x75e build/default/production/KegBot_EventChecker.o
 .debug_str     0x0000000000018238      0x7e8 build/default/production/KegBot_TopHSM.o
 .debug_str     0x0000000000018a20     0x3897 build/default/production/LED.o
 .debug_str     0x000000000001c2b7     0x392c build/default/production/MotorControl.o
 .debug_str     0x000000000001fbe3      0x7a9 build/default/production/RotateAroundTower.o
 .debug_str     0x000000000002038c      0x66e build/default/production/SearchForTower_SubHSM.o
 .debug_str     0x00000000000209fa     0x3a69 build/default/production/Stepper.o
 .debug_str     0x0000000000024463     0x3761 build/default/production/TankCircuit.o
 .debug_str     0x0000000000027bc4      0x742 build/default/production/TankCircuitService.o
 .debug_str     0x0000000000028306      0x74e build/default/production/TapeSensorService .o
 .debug_str     0x0000000000028a54     0x37a6 build/default/production/bumpers.o
 .debug_str     0x000000000002c1fa     0x39c4 build/default/production/pwm.o
 .debug_str     0x000000000002fbbe     0x3883 build/default/production/serial.o
 .debug_str     0x0000000000033441     0x3768 build/default/production/tapeSensors.o
 .debug_str     0x0000000000036ba9      0x78e build/default/production/TapeFollow_SubHSM.o
 .debug_str     0x0000000000037337     0x3863 build/default/production/_ext/1975241074/timers.o
 .debug_str     0x000000000003ab9a      0x75c build/default/production/Traversing_SubHSM.o
 .debug_str     0x000000000003b2f6      0x31c d:/xc32/bin/bin/../../lib/gcc/pic32mx/8.3.1\libgcc.a(floatunsisf.o)
 .debug_str     0x000000000003b612      0x3b3 d:/xc32/bin/bin/../../lib/gcc/pic32mx/8.3.1/../../../../pic32mx/lib\libpic32.a(default-bootstrap-exception-handler.o)
 .debug_str     0x000000000003b9c5      0x38d d:/xc32/bin/bin/../../lib/gcc/pic32mx/8.3.1/../../../../pic32mx/lib\libpic32.a(default-on-reset.o)
 .debug_str     0x000000000003bd52      0x395 d:/xc32/bin/bin/../../lib/gcc/pic32mx/8.3.1/../../../../pic32mx/lib\libpic32.a(default-on-bootstrap.o)
 .debug_str     0x000000000003c0e7      0x3af d:/xc32/bin/bin/../../lib/gcc/pic32mx/8.3.1/../../../../pic32mx/lib\libpic32.a(default-general-exception-handler.o)
 .debug_str     0x000000000003c496      0x3a7 d:/xc32/bin/bin/../../lib/gcc/pic32mx/8.3.1/../../../../pic32mx/lib\libpic32.a(defaultinterrupt.o)
 .debug_str     0x000000000003c83d      0x4e3 d:/xc32/bin/bin/../../lib/gcc/pic32mx/8.3.1\libgcc.a(_udivdi3.o)
 .debug_str     0x000000000003cd20      0x4e3 d:/xc32/bin/bin/../../lib/gcc/pic32mx/8.3.1\libgcc.a(_umoddi3.o)
 .debug_str     0x000000000003d203      0x388 d:/xc32/bin/bin/../../lib/gcc/pic32mx/8.3.1/../../../../pic32mx/lib\libpic32.a(_mon_write.o)

.debug_loc      0x0000000000000000     0x15cc
 *(.debug_loc)
 .debug_loc     0x0000000000000000       0x84 d:/xc32/bin/bin/../../lib/gcc/pic32mx/8.3.1\libgcc.a(floatunsisf.o)
 .debug_loc     0x0000000000000084       0x2c d:/xc32/bin/bin/../../lib/gcc/pic32mx/8.3.1/../../../../pic32mx/lib\libpic32.a(default-bootstrap-exception-handler.o)
 .debug_loc     0x00000000000000b0       0x2c d:/xc32/bin/bin/../../lib/gcc/pic32mx/8.3.1/../../../../pic32mx/lib\libpic32.a(default-general-exception-handler.o)
 .debug_loc     0x00000000000000dc      0xb5b d:/xc32/bin/bin/../../lib/gcc/pic32mx/8.3.1\libgcc.a(_udivdi3.o)
 .debug_loc     0x0000000000000c37      0x969 d:/xc32/bin/bin/../../lib/gcc/pic32mx/8.3.1\libgcc.a(_umoddi3.o)
 .debug_loc     0x00000000000015a0       0x2c d:/xc32/bin/bin/../../lib/gcc/pic32mx/8.3.1/../../../../pic32mx/lib\libpic32.a(_mon_write.o)

.debug_macinfo
 *(.debug_macinfo)

.debug_weaknames
 *(.debug_weaknames)

.debug_funcnames
 *(.debug_funcnames)

.debug_typenames
 *(.debug_typenames)

.debug_varnames
 *(.debug_varnames)

.debug_pubtypes
 *(.debug_pubtypes)

.debug_ranges   0x0000000000000000      0x1d0
 *(.debug_ranges)
 .debug_ranges  0x0000000000000000       0x10 d:/xc32/bin/bin/../../lib/gcc/pic32mx/8.3.1/../../../../pic32mx/lib\libpic32.a(default-bootstrap-exception-handler.o)
 .debug_ranges  0x0000000000000010       0x10 d:/xc32/bin/bin/../../lib/gcc/pic32mx/8.3.1/../../../../pic32mx/lib\libpic32.a(default-on-reset.o)
 .debug_ranges  0x0000000000000020       0x10 d:/xc32/bin/bin/../../lib/gcc/pic32mx/8.3.1/../../../../pic32mx/lib\libpic32.a(default-on-bootstrap.o)
 .debug_ranges  0x0000000000000030       0x10 d:/xc32/bin/bin/../../lib/gcc/pic32mx/8.3.1/../../../../pic32mx/lib\libpic32.a(default-general-exception-handler.o)
 .debug_ranges  0x0000000000000040       0x10 d:/xc32/bin/bin/../../lib/gcc/pic32mx/8.3.1/../../../../pic32mx/lib\libpic32.a(defaultinterrupt.o)
 .debug_ranges  0x0000000000000050       0xd0 d:/xc32/bin/bin/../../lib/gcc/pic32mx/8.3.1\libgcc.a(_udivdi3.o)
 .debug_ranges  0x0000000000000120       0xa0 d:/xc32/bin/bin/../../lib/gcc/pic32mx/8.3.1\libgcc.a(_umoddi3.o)
 .debug_ranges  0x00000000000001c0       0x10 d:/xc32/bin/bin/../../lib/gcc/pic32mx/8.3.1/../../../../pic32mx/lib\libpic32.a(_mon_write.o)

.gnu.attributes
                0x0000000000000000       0x10
 *(.gnu.attributes)
 .gnu.attributes
                0x0000000000000000       0x10 d:/xc32/bin/bin/../../lib/gcc/pic32mx/8.3.1/../../../../pic32mx/lib\debug-exception-return.o
 .gnu.attributes
                0x0000000000000010       0x10 build/default/production/AD.o
 .gnu.attributes
                0x0000000000000020       0x10 build/default/production/AtTower_SubHSM.o
 .gnu.attributes
                0x0000000000000030       0x10 build/default/production/BOARD.o
 .gnu.attributes
                0x0000000000000040       0x10 build/default/production/ES_CheckEvents.o
 .gnu.attributes
                0x0000000000000050       0x10 build/default/production/ES_Framework.o
 .gnu.attributes
                0x0000000000000060       0x10 build/default/production/ES_KeyboardInput.o
 .gnu.attributes
                0x0000000000000070       0x10 build/default/production/ES_PostList.o
 .gnu.attributes
                0x0000000000000080       0x10 build/default/production/ES_Queue.o
 .gnu.attributes
                0x0000000000000090       0x10 build/default/production/ES_TattleTale.o
 .gnu.attributes
                0x00000000000000a0       0x10 build/default/production/ES_Timers.o
 .gnu.attributes
                0x00000000000000b0       0x10 build/default/production/IO_Ports.o
 .gnu.attributes
                0x00000000000000c0       0x10 build/default/production/KegBot_ESMain.o
 .gnu.attributes
                0x00000000000000d0       0x10 build/default/production/KegBot_EventChecker.o
 .gnu.attributes
                0x00000000000000e0       0x10 build/default/production/KegBot_TopHSM.o
 .gnu.attributes
                0x00000000000000f0       0x10 build/default/production/LED.o
 .gnu.attributes
                0x0000000000000100       0x10 build/default/production/MotorControl.o
 .gnu.attributes
                0x0000000000000110       0x10 build/default/production/RotateAroundTower.o
 .gnu.attributes
                0x0000000000000120       0x10 build/default/production/SearchForTower_SubHSM.o
 .gnu.attributes
                0x0000000000000130       0x10 build/default/production/Stepper.o
 .gnu.attributes
                0x0000000000000140       0x10 build/default/production/TankCircuit.o
 .gnu.attributes
                0x0000000000000150       0x10 build/default/production/TankCircuitService.o
 .gnu.attributes
                0x0000000000000160       0x10 build/default/production/TapeSensorService .o
 .gnu.attributes
                0x0000000000000170       0x10 build/default/production/bumpers.o
 .gnu.attributes
                0x0000000000000180       0x10 build/default/production/pwm.o
 .gnu.attributes
                0x0000000000000190       0x10 build/default/production/serial.o
 .gnu.attributes
                0x00000000000001a0       0x10 build/default/production/tapeSensors.o
 .gnu.attributes
                0x00000000000001b0       0x10 build/default/production/TapeFollow_SubHSM.o
 .gnu.attributes
                0x00000000000001c0       0x10 build/default/production/_ext/1975241074/timers.o
 .gnu.attributes
                0x00000000000001d0       0x10 build/default/production/Traversing_SubHSM.o
 .gnu.attributes
                0x00000000000001e0       0x10 C:\Users\gaine\AppData\Local\Temp\ccBg0PAx.o
 .gnu.attributes
                0x00000000000001f0       0x10 C:\Users\gaine\AppData\Local\Temp\ccrFuw3f.o
 .gnu.attributes
                0x0000000000000200       0x10 C:\Users\gaine\AppData\Local\Temp\cc48slyo.o
 .gnu.attributes
                0x0000000000000210       0x10 d:/xc32/bin/bin/../../lib/gcc/pic32mx/8.3.1/../../../../pic32mx/lib\pic32_software_reset.o
 .gnu.attributes
                0x0000000000000220       0x10 d:/xc32/bin/bin/../../lib/gcc/pic32mx/8.3.1\libgcc.a(floatunsisf.o)
 .gnu.attributes
                0x0000000000000230       0x10 d:/xc32/bin/bin/../../lib/gcc/pic32mx/8.3.1/../../../../pic32mx/lib\libpic32.a(default-bootstrap-exception-handler.o)
 .gnu.attributes
                0x0000000000000240       0x10 d:/xc32/bin/bin/../../lib/gcc/pic32mx/8.3.1/../../../../pic32mx/lib\libpic32.a(default-on-reset.o)
 .gnu.attributes
                0x0000000000000250       0x10 d:/xc32/bin/bin/../../lib/gcc/pic32mx/8.3.1/../../../../pic32mx/lib\libpic32.a(default-on-bootstrap.o)
 .gnu.attributes
                0x0000000000000260       0x10 d:/xc32/bin/bin/../../lib/gcc/pic32mx/8.3.1/../../../../pic32mx/lib\libpic32.a(default-nmi-handler.o)
 .gnu.attributes
                0x0000000000000270       0x10 d:/xc32/bin/bin/../../lib/gcc/pic32mx/8.3.1/../../../../pic32mx/lib\libpic32.a(pic32_data_init.o)
 .gnu.attributes
                0x0000000000000280       0x10 d:/xc32/bin/bin/../../lib/gcc/pic32mx/8.3.1/../../../../pic32mx/lib\libpic32.a(general-exception.o)
 .gnu.attributes
                0x0000000000000290       0x10 d:/xc32/bin/bin/../../lib/gcc/pic32mx/8.3.1/../../../../pic32mx/lib\libpic32.a(vector0.o)
 .gnu.attributes
                0x00000000000002a0       0x10 d:/xc32/bin/bin/../../lib/gcc/pic32mx/8.3.1/../../../../pic32mx/lib\libpic32.a(vector1.o)
 .gnu.attributes
                0x00000000000002b0       0x10 d:/xc32/bin/bin/../../lib/gcc/pic32mx/8.3.1/../../../../pic32mx/lib\libpic32.a(vector2.o)
 .gnu.attributes
                0x00000000000002c0       0x10 d:/xc32/bin/bin/../../lib/gcc/pic32mx/8.3.1/../../../../pic32mx/lib\libpic32.a(vector3.o)
 .gnu.attributes
                0x00000000000002d0       0x10 d:/xc32/bin/bin/../../lib/gcc/pic32mx/8.3.1/../../../../pic32mx/lib\libpic32.a(vector5.o)
 .gnu.attributes
                0x00000000000002e0       0x10 d:/xc32/bin/bin/../../lib/gcc/pic32mx/8.3.1/../../../../pic32mx/lib\libpic32.a(vector6.o)
 .gnu.attributes
                0x00000000000002f0       0x10 d:/xc32/bin/bin/../../lib/gcc/pic32mx/8.3.1/../../../../pic32mx/lib\libpic32.a(vector7.o)
 .gnu.attributes
                0x0000000000000300       0x10 d:/xc32/bin/bin/../../lib/gcc/pic32mx/8.3.1/../../../../pic32mx/lib\libpic32.a(vector8.o)
 .gnu.attributes
                0x0000000000000310       0x10 d:/xc32/bin/bin/../../lib/gcc/pic32mx/8.3.1/../../../../pic32mx/lib\libpic32.a(vector9.o)
 .gnu.attributes
                0x0000000000000320       0x10 d:/xc32/bin/bin/../../lib/gcc/pic32mx/8.3.1/../../../../pic32mx/lib\libpic32.a(vector10.o)
 .gnu.attributes
                0x0000000000000330       0x10 d:/xc32/bin/bin/../../lib/gcc/pic32mx/8.3.1/../../../../pic32mx/lib\libpic32.a(vector11.o)
 .gnu.attributes
                0x0000000000000340       0x10 d:/xc32/bin/bin/../../lib/gcc/pic32mx/8.3.1/../../../../pic32mx/lib\libpic32.a(vector13.o)
 .gnu.attributes
                0x0000000000000350       0x10 d:/xc32/bin/bin/../../lib/gcc/pic32mx/8.3.1/../../../../pic32mx/lib\libpic32.a(vector14.o)
 .gnu.attributes
                0x0000000000000360       0x10 d:/xc32/bin/bin/../../lib/gcc/pic32mx/8.3.1/../../../../pic32mx/lib\libpic32.a(vector15.o)
 .gnu.attributes
                0x0000000000000370       0x10 d:/xc32/bin/bin/../../lib/gcc/pic32mx/8.3.1/../../../../pic32mx/lib\libpic32.a(vector16.o)
 .gnu.attributes
                0x0000000000000380       0x10 d:/xc32/bin/bin/../../lib/gcc/pic32mx/8.3.1/../../../../pic32mx/lib\libpic32.a(vector17.o)
 .gnu.attributes
                0x0000000000000390       0x10 d:/xc32/bin/bin/../../lib/gcc/pic32mx/8.3.1/../../../../pic32mx/lib\libpic32.a(vector18.o)
 .gnu.attributes
                0x00000000000003a0       0x10 d:/xc32/bin/bin/../../lib/gcc/pic32mx/8.3.1/../../../../pic32mx/lib\libpic32.a(vector19.o)
 .gnu.attributes
                0x00000000000003b0       0x10 d:/xc32/bin/bin/../../lib/gcc/pic32mx/8.3.1/../../../../pic32mx/lib\libpic32.a(vector21.o)
 .gnu.attributes
                0x00000000000003c0       0x10 d:/xc32/bin/bin/../../lib/gcc/pic32mx/8.3.1/../../../../pic32mx/lib\libpic32.a(vector22.o)
 .gnu.attributes
                0x00000000000003d0       0x10 d:/xc32/bin/bin/../../lib/gcc/pic32mx/8.3.1/../../../../pic32mx/lib\libpic32.a(vector23.o)
 .gnu.attributes
                0x00000000000003e0       0x10 d:/xc32/bin/bin/../../lib/gcc/pic32mx/8.3.1/../../../../pic32mx/lib\libpic32.a(vector25.o)
 .gnu.attributes
                0x00000000000003f0       0x10 d:/xc32/bin/bin/../../lib/gcc/pic32mx/8.3.1/../../../../pic32mx/lib\libpic32.a(vector26.o)
 .gnu.attributes
                0x0000000000000400       0x10 d:/xc32/bin/bin/../../lib/gcc/pic32mx/8.3.1/../../../../pic32mx/lib\libpic32.a(vector28.o)
 .gnu.attributes
                0x0000000000000410       0x10 d:/xc32/bin/bin/../../lib/gcc/pic32mx/8.3.1/../../../../pic32mx/lib\libpic32.a(vector29.o)
 .gnu.attributes
                0x0000000000000420       0x10 d:/xc32/bin/bin/../../lib/gcc/pic32mx/8.3.1/../../../../pic32mx/lib\libpic32.a(vector30.o)
 .gnu.attributes
                0x0000000000000430       0x10 d:/xc32/bin/bin/../../lib/gcc/pic32mx/8.3.1/../../../../pic32mx/lib\libpic32.a(vector31.o)
 .gnu.attributes
                0x0000000000000440       0x10 d:/xc32/bin/bin/../../lib/gcc/pic32mx/8.3.1/../../../../pic32mx/lib\libpic32.a(vector32.o)
 .gnu.attributes
                0x0000000000000450       0x10 d:/xc32/bin/bin/../../lib/gcc/pic32mx/8.3.1/../../../../pic32mx/lib\libpic32.a(vector33.o)
 .gnu.attributes
                0x0000000000000460       0x10 d:/xc32/bin/bin/../../lib/gcc/pic32mx/8.3.1/../../../../pic32mx/lib\libpic32.a(vector34.o)
 .gnu.attributes
                0x0000000000000470       0x10 d:/xc32/bin/bin/../../lib/gcc/pic32mx/8.3.1/../../../../pic32mx/lib\libpic32.a(vector35.o)
 .gnu.attributes
                0x0000000000000480       0x10 d:/xc32/bin/bin/../../lib/gcc/pic32mx/8.3.1/../../../../pic32mx/lib\libpic32.a(vector36.o)
 .gnu.attributes
                0x0000000000000490       0x10 d:/xc32/bin/bin/../../lib/gcc/pic32mx/8.3.1/../../../../pic32mx/lib\libpic32.a(vector37.o)
 .gnu.attributes
                0x00000000000004a0       0x10 d:/xc32/bin/bin/../../lib/gcc/pic32mx/8.3.1/../../../../pic32mx/lib\libpic32.a(vector38.o)
 .gnu.attributes
                0x00000000000004b0       0x10 d:/xc32/bin/bin/../../lib/gcc/pic32mx/8.3.1/../../../../pic32mx/lib\libpic32.a(vector39.o)
 .gnu.attributes
                0x00000000000004c0       0x10 d:/xc32/bin/bin/../../lib/gcc/pic32mx/8.3.1/../../../../pic32mx/lib\libpic32.a(vector40.o)
 .gnu.attributes
                0x00000000000004d0       0x10 d:/xc32/bin/bin/../../lib/gcc/pic32mx/8.3.1/../../../../pic32mx/lib\libpic32.a(vector41.o)
 .gnu.attributes
                0x00000000000004e0       0x10 d:/xc32/bin/bin/../../lib/gcc/pic32mx/8.3.1/../../../../pic32mx/lib\libpic32.a(vector42.o)
 .gnu.attributes
                0x00000000000004f0       0x10 d:/xc32/bin/bin/../../lib/gcc/pic32mx/8.3.1/../../../../pic32mx/lib\libpic32.a(vector43.o)
 .gnu.attributes
                0x0000000000000500       0x10 d:/xc32/bin/bin/../../lib/gcc/pic32mx/8.3.1/../../../../pic32mx/lib\libpic32.a(vector44.o)
 .gnu.attributes
                0x0000000000000510       0x10 d:/xc32/bin/bin/../../lib/gcc/pic32mx/8.3.1/../../../../pic32mx/lib\libpic32.a(default-general-exception-handler.o)
 .gnu.attributes
                0x0000000000000520       0x10 d:/xc32/bin/bin/../../lib/gcc/pic32mx/8.3.1/../../../../pic32mx/lib\libpic32.a(defaultinterrupt.o)
 .gnu.attributes
                0x0000000000000530       0x10 d:/xc32/bin/bin/../../lib/gcc/pic32mx/8.3.1/../../../../pic32mx/lib\liblega-c.a(fputs.o)
 .gnu.attributes
                0x0000000000000540       0x10 d:/xc32/bin/bin/../../lib/gcc/pic32mx/8.3.1/../../../../pic32mx/lib\liblega-c.a(printf_cdnopuxX.eo)
 .gnu.attributes
                0x0000000000000550       0x10 d:/xc32/bin/bin/../../lib/gcc/pic32mx/8.3.1/../../../../pic32mx/lib\liblega-c.a(printf_s.eo)
 .gnu.attributes
                0x0000000000000560       0x10 d:/xc32/bin/bin/../../lib/gcc/pic32mx/8.3.1/../../../../pic32mx/lib\liblega-c.a(strlen.o)
 .gnu.attributes
                0x0000000000000570       0x10 d:/xc32/bin/bin/../../lib/gcc/pic32mx/8.3.1/../../../../pic32mx/lib\liblega-c.a(_doprnt_cdnopuxX.eo)
 .gnu.attributes
                0x0000000000000580       0x10 d:/xc32/bin/bin/../../lib/gcc/pic32mx/8.3.1/../../../../pic32mx/lib\liblega-c.a(_doprnt_s.eo)
 .gnu.attributes
                0x0000000000000590       0x10 d:/xc32/bin/bin/../../lib/gcc/pic32mx/8.3.1/../../../../pic32mx/lib\liblega-c.a(_iobdata.o)
 .gnu.attributes
                0x00000000000005a0       0x10 d:/xc32/bin/bin/../../lib/gcc/pic32mx/8.3.1/../../../../pic32mx/lib\liblega-c.a(_iobfuncs.o)
 .gnu.attributes
                0x00000000000005b0       0x10 d:/xc32/bin/bin/../../lib/gcc/pic32mx/8.3.1/../../../../pic32mx/lib\liblega-c.a(fputc.o)
 .gnu.attributes
                0x00000000000005c0       0x10 d:/xc32/bin/bin/../../lib/gcc/pic32mx/8.3.1/../../../../pic32mx/lib\liblega-c.a(errno.o)
 .gnu.attributes
                0x00000000000005d0       0x10 d:/xc32/bin/bin/../../lib/gcc/pic32mx/8.3.1/../../../../pic32mx/lib\libm.a(fp32subadd.o)
 .gnu.attributes
                0x00000000000005e0       0x10 d:/xc32/bin/bin/../../lib/gcc/pic32mx/8.3.1/../../../../pic32mx/lib\libm.a(fptoul.o)
 .gnu.attributes
                0x00000000000005f0       0x10 d:/xc32/bin/bin/../../lib/gcc/pic32mx/8.3.1/../../../../pic32mx/lib\libm.a(sitofp.o)
 .gnu.attributes
                0x0000000000000600       0x10 d:/xc32/bin/bin/../../lib/gcc/pic32mx/8.3.1\libgcc.a(_udivdi3.o)
 .gnu.attributes
                0x0000000000000610       0x10 d:/xc32/bin/bin/../../lib/gcc/pic32mx/8.3.1\libgcc.a(_umoddi3.o)
 .gnu.attributes
                0x0000000000000620       0x10 d:/xc32/bin/bin/../../lib/gcc/pic32mx/8.3.1/../../../../pic32mx/lib\libpic32.a(_mon_write.o)
                0x000000000000001e                _min_heap_size = 0x1e
LOAD C:\Users\gaine\AppData\Local\Temp\ccBg0PAx.o
LOAD C:\Users\gaine\AppData\Local\Temp\ccrFuw3f.o
LOAD C:\Users\gaine\AppData\Local\Temp\cc48slyo.o
LOAD d:/xc32/bin/bin/../../lib/gcc/pic32mx/8.3.1/../../../../pic32mx/lib\pic32_software_reset.o
LOAD d:/xc32/bin/bin/../../lib/gcc/pic32mx/8.3.1\libgcc.a
START GROUP
LOAD d:/xc32/bin/bin/../../lib/gcc/pic32mx/8.3.1/../../../../pic32mx/lib\libpic32.a
LOAD d:/xc32/bin/bin/../../lib/gcc/pic32mx/8.3.1/../../../../pic32mx/lib\libdebug.a
LOAD d:/xc32/bin/bin/../../lib/gcc/pic32mx/8.3.1/../../../../pic32mx/lib\liblega-c.a
LOAD d:/xc32/bin/bin/../../lib/gcc/pic32mx/8.3.1/../../../../pic32mx/lib\libm.a
LOAD d:/xc32/bin/bin/../../lib/gcc/pic32mx/8.3.1/../../../../pic32mx/lib\libe.a
LOAD d:/xc32/bin/bin/../../lib/gcc/pic32mx/8.3.1/../../../../pic32mx/lib\libdsp.a
LOAD d:/xc32/bin/bin/../../lib/gcc/pic32mx/8.3.1\libgcc.a
LOAD d:/xc32/bin/bin/../../lib/gcc/pic32mx/8.3.1/../../../../pic32mx/lib\libpic32.a
END GROUP
LOAD d:/xc32/bin/bin/../../lib/gcc/pic32mx/8.3.1\libgcc.a
OUTPUT(dist/default/production/KegBot.X.production.elf elf32-tradlittlemips)
LOAD stack
LOAD data_init

.reginfo        0x0000000000000000       0x18
 .reginfo       0x0000000000000000       0x18 d:/xc32/bin/bin/../../lib/gcc/pic32mx/8.3.1/../../../../pic32mx/lib\debug-exception-return.o

.stack          0x00000000a0001630      0x400
 .stack         0x00000000a0001630      0x400 stack

.bss            0x00000000a000015c      0x4e8
 .bss           0x00000000a000015c      0x400 build/default/production/serial.o
 .bss           0x00000000a000055c       0xe8 build/default/production/ES_Framework.o

.data           0x00000000a0000644      0x1a8
 .data          0x00000000a0000644       0xd4 build/default/production/KegBot_TopHSM.o
 .data          0x00000000a0000718       0xd4 d:/xc32/bin/bin/../../lib/gcc/pic32mx/8.3.1/../../../../pic32mx/lib\liblega-c.a(_iobdata.o)

.data           0x00000000a00007ec      0x190
 .data          0x00000000a00007ec       0xcc build/default/production/SearchForTower_SubHSM.o
 .data          0x00000000a00008b8       0xc4 build/default/production/AtTower_SubHSM.o

.data           0x00000000a000097c      0x188
 .data          0x00000000a000097c       0xc4 build/default/production/RotateAroundTower.o
 .data          0x00000000a0000a40       0xc4 build/default/production/TapeFollow_SubHSM.o

.data           0x00000000a0000b04      0x16c
 .data          0x00000000a0000b04       0xbc build/default/production/Traversing_SubHSM.o
 .data          0x00000000a0000bc0       0xb0 build/default/production/ES_CheckEvents.o

.data           0x00000000a0000c70      0x160
 .data          0x00000000a0000c70       0xb0 build/default/production/ES_Framework.o
 .data          0x00000000a0000d20       0xb0 build/default/production/ES_KeyboardInput.o

.data           0x00000000a0000dd0      0x160
 .data          0x00000000a0000dd0       0xb0 build/default/production/ES_PostList.o
 .data          0x00000000a0000e80       0xb0 build/default/production/ES_Queue.o

.data           0x00000000a0000f30      0x160
 .data          0x00000000a0000f30       0xb0 build/default/production/ES_TattleTale.o
 .data          0x00000000a0000fe0       0xb0 build/default/production/ES_Timers.o

.data           0x00000000a0001090      0x160
 .data          0x00000000a0001090       0xb0 build/default/production/KegBot_ESMain.o
 .data          0x00000000a0001140       0xb0 build/default/production/KegBot_EventChecker.o

.data           0x00000000a00011f0      0x160
 .data          0x00000000a00011f0       0xb0 build/default/production/TankCircuitService.o
 .data          0x00000000a00012a0       0xb0 build/default/production/TapeSensorService .o

.data           0x00000000a0001350       0xa8
 .data          0x00000000a0001350       0xa8 build/default/production/AD.o

.bss            0x00000000a00013f8       0xf8
 .bss           0x00000000a00013f8       0x88 d:/xc32/bin/bin/../../lib/gcc/pic32mx/8.3.1/../../../../pic32mx/lib\liblega-c.a(_iobdata.o)
 .bss           0x00000000a0001480       0x70 build/default/production/AD.o

.bss            0x00000000a00014f0       0x9c
 .bss           0x00000000a00014f0       0x5c build/default/production/TapeSensorService .o
                0x00000000a00014f0                currState
 .bss           0x00000000a000154c       0x40 build/default/production/ES_Timers.o

.bss            0x00000000a000158c       0x40
 .bss           0x00000000a000158c       0x40 build/default/production/_ext/1975241074/timers.o

.data           0x00000000a00015cc       0x18
 .data          0x00000000a00015cc       0x18 build/default/production/LED.o

.bss            0x00000000a00015e4       0x14
 .bss           0x00000000a00015e4       0x14 build/default/production/ES_KeyboardInput.o

.bss%z1         0x0000000000000000        0x0
 .bss           0x0000000000000000        0x0 d:/xc32/bin/bin/../../lib/gcc/pic32mx/8.3.1/../../../../pic32mx/lib\libpic32.a(_mon_write.o)

.data%z2        0x0000000000000000        0x0
 .data          0x0000000000000000        0x0 d:/xc32/bin/bin/../../lib/gcc/pic32mx/8.3.1/../../../../pic32mx/lib\libpic32.a(_mon_write.o)

.bss%z3         0x0000000000000000        0x0
 .bss           0x0000000000000000        0x0 d:/xc32/bin/bin/../../lib/gcc/pic32mx/8.3.1\libgcc.a(_umoddi3.o)

.data%z4        0x0000000000000000        0x0
 .data          0x0000000000000000        0x0 d:/xc32/bin/bin/../../lib/gcc/pic32mx/8.3.1\libgcc.a(_umoddi3.o)

.bss%z5         0x0000000000000000        0x0
 .bss           0x0000000000000000        0x0 d:/xc32/bin/bin/../../lib/gcc/pic32mx/8.3.1\libgcc.a(_udivdi3.o)

.data%z6        0x0000000000000000        0x0
 .data          0x0000000000000000        0x0 d:/xc32/bin/bin/../../lib/gcc/pic32mx/8.3.1\libgcc.a(_udivdi3.o)

.bss%z7         0x0000000000000000        0x0
 .bss           0x0000000000000000        0x0 d:/xc32/bin/bin/../../lib/gcc/pic32mx/8.3.1/../../../../pic32mx/lib\libm.a(sitofp.o)

.data%z8        0x0000000000000000        0x0
 .data          0x0000000000000000        0x0 d:/xc32/bin/bin/../../lib/gcc/pic32mx/8.3.1/../../../../pic32mx/lib\libm.a(sitofp.o)

.bss%z9         0x0000000000000000        0x0
 .bss           0x0000000000000000        0x0 d:/xc32/bin/bin/../../lib/gcc/pic32mx/8.3.1/../../../../pic32mx/lib\libm.a(fptoul.o)

.data%z10       0x0000000000000000        0x0
 .data          0x0000000000000000        0x0 d:/xc32/bin/bin/../../lib/gcc/pic32mx/8.3.1/../../../../pic32mx/lib\libm.a(fptoul.o)

.bss%z11        0x0000000000000000        0x0